2026-03-21 10:39:20 | INFO     | [REQUEST] tenant=-  POST /admin/seller-auth  →  200  (24.8 ms)
2026-03-21 10:39:33 | INFO     | [REQUEST] tenant=-  GET /admin/tenants  →  200  (13312.0 ms)
2026-03-21 10:39:40 | INFO     | [REQUEST] tenant=-  GET /admin/tenants  →  200  (6727.5 ms)
2026-03-21 10:39:47 | INFO     | [REQUEST] tenant=-  GET /admin/tenants  →  200  (6518.7 ms)
2026-03-21 10:39:53 | INFO     | [REQUEST] tenant=-  GET /admin/tenants  →  200  (6505.1 ms)
2026-03-21 10:40:01 | INFO     | [REQUEST] tenant=-  GET /admin/tenants  →  200  (7569.6 ms)
2026-03-21 10:40:17 | INFO     | [REQUEST] tenant=-  GET /admin/tenants  →  200  (15484.5 ms)
2026-03-21 10:40:17 | INFO     | [REQUEST] tenant=1628c0ff-8197-4032-8112-6da2b3d2090b  GET /admin/profile  →  200  (16024.1 ms)
2026-03-21 10:40:26 | INFO     | [REQUEST] tenant=-  GET /admin/tenants  →  200  (7980.1 ms)
2026-03-21 10:40:36 | INFO     | [REQUEST] tenant=-  POST /chat  →  200  (9926.2 ms)
2026-03-21 10:40:43 | INFO     | [REQUEST] tenant=-  GET /admin/tenants  →  200  (7249.1 ms)
2026-03-21 10:40:50 | INFO     | [REQUEST] tenant=-  GET /admin/tenants  →  200  (6575.5 ms)
2026-03-21 10:41:02 | INFO     | [REQUEST] tenant=-  GET /admin/tenants  →  200  (6564.3 ms)
2026-03-21 10:41:42 | INFO     | [REQUEST] tenant=-  GET /admin/tenants  →  200  (6628.0 ms)
2026-03-21 10:41:48 | INFO     | [REQUEST] tenant=-  GET /admin/tenants  →  200  (6556.6 ms)
2026-03-21 10:41:55 | INFO     | [REQUEST] tenant=-  GET /admin/tenants  →  200  (6582.8 ms)
2026-03-21 10:42:04 | INFO     | [REQUEST] tenant=-  GET /admin/tenants  →  200  (6878.5 ms)
2026-03-21 10:42:17 | INFO     | [REQUEST] tenant=-  POST /chat  →  200  (7153.1 ms)
2026-03-21 10:42:24 | INFO     | [REQUEST] tenant=-  GET /admin/tenants  →  200  (6576.7 ms)
2026-03-21 10:42:32 | INFO     | [REQUEST] tenant=-  GET /admin/tenants  →  200  (6594.1 ms)
2026-03-21 10:42:39 | INFO     | [REQUEST] tenant=-  GET /admin/tenants  →  200  (6879.7 ms)
2026-03-21 10:42:46 | INFO     | [REQUEST] tenant=-  GET /admin/tenants  →  200  (6554.2 ms)
2026-03-21 10:43:36 | INFO     | [REQUEST] tenant=-  GET /admin/tenants  →  200  (6533.6 ms)
2026-03-21 10:43:50 | INFO     | [REQUEST] tenant=-  POST /chat  →  200  (7037.3 ms)
2026-03-21 10:43:57 | INFO     | [REQUEST] tenant=-  GET /admin/tenants  →  200  (6541.5 ms)
2026-03-21 10:44:06 | INFO     | [REQUEST] tenant=-  GET /admin/tenants  →  200  (6560.8 ms)
2026-03-21 10:44:19 | INFO     | [REQUEST] tenant=-  GET /admin/tenants  →  200  (6527.9 ms)
2026-03-21 10:44:28 | INFO     | [REQUEST] tenant=-  GET /admin/tenants  →  200  (6572.9 ms)
2026-03-21 10:44:46 | INFO     | [REQUEST] tenant=-  GET /admin/tenants  →  200  (6524.3 ms)
2026-03-21 10:45:26 | INFO     | [REQUEST] tenant=-  POST /chat  →  200  (19809.1 ms)
2026-03-21 10:45:33 | INFO     | [REQUEST] tenant=-  GET /admin/tenants  →  200  (7157.2 ms)
2026-03-21 10:45:40 | INFO     | [REQUEST] tenant=-  GET /admin/tenants  →  200  (6734.8 ms)
2026-03-21 10:45:47 | INFO     | [REQUEST] tenant=-  GET /admin/tenants  →  200  (6715.9 ms)
2026-03-21 10:45:54 | INFO     | [REQUEST] tenant=-  GET /admin/tenants  →  200  (6725.6 ms)
2026-03-21 10:46:01 | INFO     | [REQUEST] tenant=-  GET /admin/tenants  →  200  (6705.0 ms)
2026-03-21 10:46:11 | INFO     | [REQUEST] tenant=-  GET /admin/tenants  →  200  (6768.0 ms)
2026-03-21 10:46:22 | INFO     | [REQUEST] tenant=-  GET /admin/tenants  →  200  (6721.8 ms)
2026-03-21 10:46:29 | INFO     | [REQUEST] tenant=-  GET /admin/tenants  →  200  (6801.2 ms)
2026-03-21 10:46:45 | INFO     | [REQUEST] tenant=-  GET /admin/tenants  →  200  (7405.3 ms)
2026-03-21 10:47:21 | INFO     | [REQUEST] tenant=-  GET /admin/invoices  →  200  (36326.2 ms)
2026-03-21 10:47:21 | INFO     | [REQUEST] tenant=-  GET /admin/tenants  →  200  (6735.7 ms)
2026-03-21 10:47:28 | INFO     | [REQUEST] tenant=-  GET /admin/tenants  →  200  (6714.0 ms)
2026-03-21 10:47:35 | INFO     | [REQUEST] tenant=-  GET /admin/tenants  →  200  (6712.3 ms)
2026-03-21 10:47:42 | INFO     | [REQUEST] tenant=-  GET /admin/tenants  →  200  (6708.2 ms)
2026-03-21 10:47:49 | INFO     | [REQUEST] tenant=-  GET /admin/tenants  →  200  (6721.9 ms)
2026-03-21 10:48:17 | INFO     | [REQUEST] tenant=-  GET /admin/tenants  →  200  (7520.7 ms)
2026-03-21 10:48:25 | INFO     | [REQUEST] tenant=-  GET /admin/tenants  →  200  (7070.2 ms)
2026-03-21 10:48:35 | INFO     | [REQUEST] tenant=-  GET /admin/tenants  →  200  (6711.0 ms)
2026-03-21 10:49:20 | INFO     | [REQUEST] tenant=-  GET /admin/tenants  →  200  (7128.2 ms)
2026-03-21 10:49:40 | INFO     | [REQUEST] tenant=-  GET /admin/tenants  →  200  (6725.9 ms)
2026-03-21 10:50:05 | INFO     | [REQUEST] tenant=-  GET /admin/tenants  →  200  (6712.0 ms)
2026-03-21 10:51:49 | INFO     | [REQUEST] tenant=-  GET /admin/tenants  →  200  (6732.0 ms)
2026-03-21 10:51:56 | INFO     | [REQUEST] tenant=-  GET /admin/tenants  →  200  (6730.0 ms)
2026-03-21 10:52:10 | INFO     | [REQUEST] tenant=-  GET /admin/tenants  →  200  (14010.9 ms)
2026-03-21 10:52:10 | INFO     | [REQUEST] tenant=-  GET /admin/tenants  →  200  (14012.3 ms)
2026-03-21 10:52:18 | INFO     | [REQUEST] tenant=-  GET /admin/tenants  →  200  (7150.6 ms)
2026-03-21 10:57:07 | INFO     | [REQUEST] tenant=-  POST /chat  →  200  (10874.8 ms)
2026-03-21 10:58:08 | INFO     | [REQUEST] tenant=1628c0ff-8197-4032-8112-6da2b3d2090b  GET /admin/profile  →  200  (672.1 ms)
2026-03-21 10:58:26 | INFO     | [REQUEST] tenant=f362ebb4-976c-477e-894d-38acd8d84532  GET /admin/profile  →  200  (6088.6 ms)
2026-03-21 10:58:36 | INFO     | [REQUEST] tenant=f362ebb4-976c-477e-894d-38acd8d84532  GET /admin/chats  →  200  (9717.2 ms)
2026-03-21 11:00:06 | INFO     | [REQUEST] tenant=1628c0ff-8197-4032-8112-6da2b3d2090b  GET /admin/profile  →  200  (5608.4 ms)
2026-03-21 11:00:27 | INFO     | [REQUEST] tenant=-  POST /chat  →  200  (7699.6 ms)
2026-03-21 11:01:21 | INFO     | [REQUEST] tenant=-  GET /admin/invoices  →  200  (35297.6 ms)
2026-03-21 11:01:38 | INFO     | [REQUEST] tenant=-  GET /admin/invoices  →  200  (11816.2 ms)
2026-03-21 11:02:06 | INFO     | [REQUEST] tenant=-  GET /admin/invoices  →  200  (5224.7 ms)
2026-03-21 11:03:41 | INFO     | [REQUEST] tenant=-  GET /admin/invoices  →  200  (3907.4 ms)
2026-03-21 11:09:01 | INFO     | [REQUEST] tenant=-  POST /admin/auth  →  200  (1561.6 ms)
2026-03-21 11:09:04 | INFO     | [REQUEST] tenant=1628c0ff-8197-4032-8112-6da2b3d2090b  GET /admin/tenant-info  →  200  (2635.2 ms)
2026-03-21 11:09:13 | INFO     | [REQUEST] tenant=1628c0ff-8197-4032-8112-6da2b3d2090b  GET /admin/chats  →  200  (9559.4 ms)
2026-03-21 11:09:13 | INFO     | [REQUEST] tenant=1628c0ff-8197-4032-8112-6da2b3d2090b  GET /admin/faqs  →  200  (9562.1 ms)
2026-03-21 11:09:13 | INFO     | [REQUEST] tenant=1628c0ff-8197-4032-8112-6da2b3d2090b  GET /admin/docs  →  200  (9557.1 ms)
2026-03-21 11:09:19 | ERROR    | [ERROR] tenant=1628c0ff-8197-4032-8112-6da2b3d2090b  path=/admin/profile  error=OperationalError('(psycopg2.OperationalError) SSL connection has been closed unexpectedly\n')
2026-03-21 11:09:19 | DEBUG    | [TRACEBACK]
Traceback (most recent call last):
  File "C:\Users\Ajayr\anaconda3\envs\chatbot\Lib\site-packages\sqlalchemy\engine\base.py", line 1967, in _exec_single_context
    self.dialect.do_execute(
  File "C:\Users\Ajayr\anaconda3\envs\chatbot\Lib\site-packages\sqlalchemy\engine\default.py", line 952, in do_execute
    cursor.execute(statement, parameters)
psycopg2.OperationalError: SSL connection has been closed unexpectedly


The above exception was the direct cause of the following exception:

Traceback (most recent call last):
  File "C:\Users\Ajayr\OneDrive\Desktop\NEU AI TECH\CHATBOT PROJECT\CHAT BOT 1\backend\main.py", line 65, in logging_middleware
    response = await call_next(request)
               ^^^^^^^^^^^^^^^^^^^^^^^^
  File "C:\Users\Ajayr\anaconda3\envs\chatbot\Lib\site-packages\starlette\middleware\base.py", line 168, in call_next
    raise app_exc from app_exc.__cause__ or app_exc.__context__
  File "C:\Users\Ajayr\anaconda3\envs\chatbot\Lib\site-packages\starlette\middleware\base.py", line 144, in coro
    await self.app(scope, receive_or_disconnect, send_no_error)
  File "C:\Users\Ajayr\anaconda3\envs\chatbot\Lib\site-packages\starlette\middleware\exceptions.py", line 63, in __call__
    await wrap_app_handling_exceptions(self.app, conn)(scope, receive, send)
  File "C:\Users\Ajayr\anaconda3\envs\chatbot\Lib\site-packages\starlette\_exception_handler.py", line 53, in wrapped_app
    raise exc
  File "C:\Users\Ajayr\anaconda3\envs\chatbot\Lib\site-packages\starlette\_exception_handler.py", line 42, in wrapped_app
    await app(scope, receive, sender)
  File "C:\Users\Ajayr\anaconda3\envs\chatbot\Lib\site-packages\fastapi\middleware\asyncexitstack.py", line 18, in __call__
    await self.app(scope, receive, send)
  File "C:\Users\Ajayr\anaconda3\envs\chatbot\Lib\site-packages\starlette\routing.py", line 716, in __call__
    await self.middleware_stack(scope, receive, send)
  File "C:\Users\Ajayr\anaconda3\envs\chatbot\Lib\site-packages\starlette\routing.py", line 736, in app
    await route.handle(scope, receive, send)
  File "C:\Users\Ajayr\anaconda3\envs\chatbot\Lib\site-packages\starlette\routing.py", line 290, in handle
    await self.app(scope, receive, send)
  File "C:\Users\Ajayr\anaconda3\envs\chatbot\Lib\site-packages\fastapi\routing.py", line 122, in app
    await wrap_app_handling_exceptions(app, request)(scope, receive, send)
  File "C:\Users\Ajayr\anaconda3\envs\chatbot\Lib\site-packages\starlette\_exception_handler.py", line 53, in wrapped_app
    raise exc
  File "C:\Users\Ajayr\anaconda3\envs\chatbot\Lib\site-packages\starlette\_exception_handler.py", line 42, in wrapped_app
    await app(scope, receive, sender)
  File "C:\Users\Ajayr\anaconda3\envs\chatbot\Lib\site-packages\fastapi\routing.py", line 108, in app
    response = await f(request)
               ^^^^^^^^^^^^^^^^
  File "C:\Users\Ajayr\anaconda3\envs\chatbot\Lib\site-packages\fastapi\routing.py", line 532, in app
    raw_response = await run_endpoint_function(
                   ^^^^^^^^^^^^^^^^^^^^^^^^^^^^
  File "C:\Users\Ajayr\anaconda3\envs\chatbot\Lib\site-packages\fastapi\routing.py", line 316, in run_endpoint_function
    return await dependant.call(**values)
           ^^^^^^^^^^^^^^^^^^^^^^^^^^^^^^
  File "C:\Users\Ajayr\OneDrive\Desktop\NEU AI TECH\CHATBOT PROJECT\CHAT BOT 1\backend\main.py", line 561, in get_profile
    profile = db.query(BusinessProfile).first()
              ^^^^^^^^^^^^^^^^^^^^^^^^^^^^^^^^^
  File "C:\Users\Ajayr\anaconda3\envs\chatbot\Lib\site-packages\sqlalchemy\orm\query.py", line 2759, in first
    return self.limit(1)._iter().first()  # type: ignore
           ^^^^^^^^^^^^^^^^^^^^^
  File "C:\Users\Ajayr\anaconda3\envs\chatbot\Lib\site-packages\sqlalchemy\orm\query.py", line 2857, in _iter
    result: Union[ScalarResult[_T], Result[_T]] = self.session.execute(
                                                  ^^^^^^^^^^^^^^^^^^^^^
  File "C:\Users\Ajayr\anaconda3\envs\chatbot\Lib\site-packages\sqlalchemy\orm\session.py", line 2351, in execute
    return self._execute_internal(
           ^^^^^^^^^^^^^^^^^^^^^^^
  File "C:\Users\Ajayr\anaconda3\envs\chatbot\Lib\site-packages\sqlalchemy\orm\session.py", line 2249, in _execute_internal
    result: Result[Any] = compile_state_cls.orm_execute_statement(
                          ^^^^^^^^^^^^^^^^^^^^^^^^^^^^^^^^^^^^^^^^
  File "C:\Users\Ajayr\anaconda3\envs\chatbot\Lib\site-packages\sqlalchemy\orm\context.py", line 306, in orm_execute_statement
    result = conn.execute(
             ^^^^^^^^^^^^^
  File "C:\Users\Ajayr\anaconda3\envs\chatbot\Lib\site-packages\sqlalchemy\engine\base.py", line 1419, in execute
    return meth(
           ^^^^^
  File "C:\Users\Ajayr\anaconda3\envs\chatbot\Lib\site-packages\sqlalchemy\sql\elements.py", line 527, in _execute_on_connection
    return connection._execute_clauseelement(
           ^^^^^^^^^^^^^^^^^^^^^^^^^^^^^^^^^^
  File "C:\Users\Ajayr\anaconda3\envs\chatbot\Lib\site-packages\sqlalchemy\engine\base.py", line 1641, in _execute_clauseelement
    ret = self._execute_context(
          ^^^^^^^^^^^^^^^^^^^^^^
  File "C:\Users\Ajayr\anaconda3\envs\chatbot\Lib\site-packages\sqlalchemy\engine\base.py", line 1846, in _execute_context
    return self._exec_single_context(
           ^^^^^^^^^^^^^^^^^^^^^^^^^^
  File "C:\Users\Ajayr\anaconda3\envs\chatbot\Lib\site-packages\sqlalchemy\engine\base.py", line 1986, in _exec_single_context
    self._handle_dbapi_exception(
  File "C:\Users\Ajayr\anaconda3\envs\chatbot\Lib\site-packages\sqlalchemy\engine\base.py", line 2363, in _handle_dbapi_exception
    raise sqlalchemy_exception.with_traceback(exc_info[2]) from e
  File "C:\Users\Ajayr\anaconda3\envs\chatbot\Lib\site-packages\sqlalchemy\engine\base.py", line 1967, in _exec_single_context
    self.dialect.do_execute(
  File "C:\Users\Ajayr\anaconda3\envs\chatbot\Lib\site-packages\sqlalchemy\engine\default.py", line 952, in do_execute
    cursor.execute(statement, parameters)
sqlalchemy.exc.OperationalError: (psycopg2.OperationalError) SSL connection has been closed unexpectedly

[SQL: SELECT business_profile.id AS business_profile_id, business_profile.company_name AS business_profile_company_name, business_profile.industry AS business_profile_industry, business_profile.business_description AS business_profile_business_description, business_profile.website AS business_profile_website, business_profile.support_email AS business_profile_support_email, business_profile.phone AS business_profile_phone, business_profile.contact_person_name AS business_profile_contact_person_name, business_profile.contact_person_role AS business_profile_contact_person_role, business_profile.contact_person_email AS business_profile_contact_person_email, business_profile.contact_person_phone AS business_profile_contact_person_phone, business_profile.address_street AS business_profile_address_street, business_profile.city AS business_profile_city, business_profile.state AS business_profile_state, business_profile.country AS business_profile_country, business_profile.zip_code AS business_profile_zip_code, business_profile.timezone AS business_profile_timezone, business_profile.business_hours AS business_profile_business_hours, business_profile.brand_color_primary AS business_profile_brand_color_primary, business_profile.brand_color_secondary AS business_profile_brand_color_secondary, business_profile.social_linkedin AS business_profile_social_linkedin, business_profile.social_twitter AS business_profile_social_twitter, business_profile.social_instagram AS business_profile_social_instagram, business_profile.logo_url AS business_profile_logo_url, business_profile.updated_at AS business_profile_updated_at 
FROM business_profile 
 LIMIT %(param_1)s]
[parameters: {'param_1': 1}]
(Background on this error at: https://sqlalche.me/e/20/e3q8)

2026-03-21 11:09:25 | INFO     | [REQUEST] tenant=1628c0ff-8197-4032-8112-6da2b3d2090b  GET /admin/tenant-info  →  200  (6578.9 ms)
2026-03-21 11:09:32 | INFO     | [REQUEST] tenant=1628c0ff-8197-4032-8112-6da2b3d2090b  GET /admin/chats  →  200  (6542.1 ms)
2026-03-21 11:09:33 | INFO     | [REQUEST] tenant=1628c0ff-8197-4032-8112-6da2b3d2090b  GET /admin/chats  →  200  (1000.2 ms)
2026-03-21 11:09:36 | INFO     | [REQUEST] tenant=1628c0ff-8197-4032-8112-6da2b3d2090b  GET /admin/tenant-info  →  200  (2627.6 ms)
2026-03-21 11:09:42 | INFO     | [REQUEST] tenant=1628c0ff-8197-4032-8112-6da2b3d2090b  GET /admin/tenant-info  →  200  (1313.2 ms)
2026-03-21 11:10:45 | INFO     | [REQUEST] tenant=1628c0ff-8197-4032-8112-6da2b3d2090b  GET /admin/chats  →  200  (961.2 ms)
2026-03-21 11:10:47 | INFO     | [REQUEST] tenant=1628c0ff-8197-4032-8112-6da2b3d2090b  GET /admin/tenant-info  →  200  (1307.1 ms)
2026-03-21 11:12:31 | INFO     | [REQUEST] tenant=1628c0ff-8197-4032-8112-6da2b3d2090b  GET /admin/faqs  →  200  (1968.0 ms)
2026-03-21 11:12:34 | INFO     | [REQUEST] tenant=1628c0ff-8197-4032-8112-6da2b3d2090b  GET /admin/faqs  →  200  (664.3 ms)
2026-03-21 11:13:53 | INFO     | [REQUEST] tenant=-  GET /admin/invoices  →  200  (2277.6 ms)
2026-03-21 11:13:55 | INFO     | [REQUEST] tenant=1628c0ff-8197-4032-8112-6da2b3d2090b  GET /admin/docs  →  200  (652.1 ms)
2026-03-21 11:17:02 | INFO     | [REQUEST] tenant=1628c0ff-8197-4032-8112-6da2b3d2090b  GET /admin/faqs  →  200  (2013.5 ms)
2026-03-21 11:17:10 | INFO     | [REQUEST] tenant=1628c0ff-8197-4032-8112-6da2b3d2090b  GET /admin/chats  →  200  (947.5 ms)
2026-03-21 11:17:11 | INFO     | [REQUEST] tenant=1628c0ff-8197-4032-8112-6da2b3d2090b  GET /admin/tenant-info  →  200  (1308.3 ms)
2026-03-21 11:17:38 | INFO     | [REQUEST] tenant=1628c0ff-8197-4032-8112-6da2b3d2090b  GET /admin/chats  →  200  (20736.6 ms)
2026-03-21 11:17:38 | INFO     | [REQUEST] tenant=-  GET /admin/invoices  →  200  (15108.5 ms)
2026-03-21 11:17:39 | INFO     | [REQUEST] tenant=1628c0ff-8197-4032-8112-6da2b3d2090b  GET /admin/tenant-info  →  200  (1312.1 ms)
2026-03-21 11:17:42 | INFO     | [REQUEST] tenant=1628c0ff-8197-4032-8112-6da2b3d2090b  GET /admin/faqs  →  200  (630.4 ms)
2026-03-21 11:17:43 | INFO     | [REQUEST] tenant=1628c0ff-8197-4032-8112-6da2b3d2090b  GET /admin/chats  →  200  (1011.5 ms)
2026-03-21 11:17:45 | INFO     | [REQUEST] tenant=1628c0ff-8197-4032-8112-6da2b3d2090b  GET /admin/tenant-info  →  200  (1323.0 ms)
2026-03-21 11:17:49 | INFO     | [REQUEST] tenant=1628c0ff-8197-4032-8112-6da2b3d2090b  GET /admin/docs  →  200  (656.7 ms)
2026-03-21 11:17:52 | INFO     | [REQUEST] tenant=1628c0ff-8197-4032-8112-6da2b3d2090b  GET /admin/chats  →  200  (970.9 ms)
2026-03-21 11:17:55 | INFO     | [REQUEST] tenant=1628c0ff-8197-4032-8112-6da2b3d2090b  GET /admin/tenant-info  →  200  (2387.7 ms)
2026-03-21 11:17:55 | INFO     | [REQUEST] tenant=1628c0ff-8197-4032-8112-6da2b3d2090b  GET /admin/chats  →  200  (2402.1 ms)
2026-03-21 11:17:56 | INFO     | [REQUEST] tenant=1628c0ff-8197-4032-8112-6da2b3d2090b  GET /admin/tenant-info  →  200  (1316.6 ms)
2026-03-21 11:17:57 | INFO     | [REQUEST] tenant=1628c0ff-8197-4032-8112-6da2b3d2090b  GET /admin/docs  →  200  (655.5 ms)
2026-03-21 11:17:58 | INFO     | [REQUEST] tenant=1628c0ff-8197-4032-8112-6da2b3d2090b  GET /admin/faqs  →  200  (632.0 ms)
2026-03-21 11:18:00 | INFO     | [REQUEST] tenant=1628c0ff-8197-4032-8112-6da2b3d2090b  GET /admin/chats  →  200  (1929.4 ms)
2026-03-21 11:18:02 | INFO     | [REQUEST] tenant=1628c0ff-8197-4032-8112-6da2b3d2090b  GET /admin/chats  →  200  (1950.5 ms)
2026-03-21 11:18:03 | INFO     | [REQUEST] tenant=1628c0ff-8197-4032-8112-6da2b3d2090b  GET /admin/tenant-info  →  200  (1316.2 ms)
2026-03-21 11:18:06 | INFO     | [REQUEST] tenant=1628c0ff-8197-4032-8112-6da2b3d2090b  GET /admin/faqs  →  200  (3291.3 ms)
2026-03-21 11:18:06 | INFO     | [REQUEST] tenant=1628c0ff-8197-4032-8112-6da2b3d2090b  GET /admin/tenant-info  →  200  (3281.5 ms)
2026-03-21 11:18:06 | INFO     | [REQUEST] tenant=1628c0ff-8197-4032-8112-6da2b3d2090b  GET /admin/chats  →  200  (3303.6 ms)
2026-03-21 11:18:09 | INFO     | [REQUEST] tenant=1628c0ff-8197-4032-8112-6da2b3d2090b  GET /admin/tenant-info  →  200  (2645.1 ms)
2026-03-21 11:18:11 | INFO     | [REQUEST] tenant=1628c0ff-8197-4032-8112-6da2b3d2090b  GET /admin/chats  →  200  (4590.8 ms)
2026-03-21 11:18:12 | INFO     | [REQUEST] tenant=1628c0ff-8197-4032-8112-6da2b3d2090b  GET /admin/profile  →  200  (3283.8 ms)
2026-03-21 11:18:18 | INFO     | [REQUEST] tenant=1628c0ff-8197-4032-8112-6da2b3d2090b  GET /admin/chats  →  200  (8760.1 ms)
2026-03-21 11:18:18 | INFO     | [REQUEST] tenant=1628c0ff-8197-4032-8112-6da2b3d2090b  GET /admin/faqs  →  200  (8773.1 ms)
2026-03-21 11:18:18 | INFO     | [REQUEST] tenant=1628c0ff-8197-4032-8112-6da2b3d2090b  GET /admin/docs  →  200  (7485.4 ms)
2026-03-21 11:18:19 | INFO     | [REQUEST] tenant=1628c0ff-8197-4032-8112-6da2b3d2090b  GET /admin/tenant-info  →  200  (1334.1 ms)
2026-03-21 11:18:20 | INFO     | [REQUEST] tenant=1628c0ff-8197-4032-8112-6da2b3d2090b  GET /admin/chats  →  200  (2657.4 ms)
2026-03-21 11:18:21 | INFO     | [REQUEST] tenant=1628c0ff-8197-4032-8112-6da2b3d2090b  GET /admin/chats  →  200  (970.5 ms)
2026-03-21 11:18:23 | INFO     | [REQUEST] tenant=1628c0ff-8197-4032-8112-6da2b3d2090b  GET /admin/tenant-info  →  200  (1318.8 ms)
2026-03-21 11:18:25 | INFO     | [REQUEST] tenant=1628c0ff-8197-4032-8112-6da2b3d2090b  GET /admin/tenant-info  →  200  (2648.9 ms)
2026-03-21 11:18:25 | INFO     | [REQUEST] tenant=1628c0ff-8197-4032-8112-6da2b3d2090b  GET /admin/chats  →  200  (2654.9 ms)
2026-03-21 11:18:26 | INFO     | [REQUEST] tenant=1628c0ff-8197-4032-8112-6da2b3d2090b  GET /admin/chats  →  200  (1015.1 ms)
2026-03-21 11:18:28 | INFO     | [REQUEST] tenant=1628c0ff-8197-4032-8112-6da2b3d2090b  GET /admin/tenant-info  →  200  (1311.6 ms)
2026-03-21 11:18:29 | INFO     | [REQUEST] tenant=1628c0ff-8197-4032-8112-6da2b3d2090b  GET /admin/chats  →  200  (1016.3 ms)
2026-03-21 11:18:30 | INFO     | [REQUEST] tenant=1628c0ff-8197-4032-8112-6da2b3d2090b  GET /admin/tenant-info  →  200  (1312.4 ms)
2026-03-21 11:18:31 | INFO     | [REQUEST] tenant=1628c0ff-8197-4032-8112-6da2b3d2090b  GET /admin/tenant-info  →  200  (1307.0 ms)
2026-03-21 11:18:55 | INFO     | [REQUEST] tenant=-  POST /chat  →  200  (5947.1 ms)
2026-03-21 11:19:06 | INFO     | [REQUEST] tenant=1628c0ff-8197-4032-8112-6da2b3d2090b  GET /admin/faqs  →  200  (632.6 ms)
2026-03-21 11:24:06 | INFO     | [REQUEST] tenant=-  POST /admin/seller-auth  →  200  (14.1 ms)
2026-03-21 11:24:30 | INFO     | [REQUEST] tenant=f362ebb4-976c-477e-894d-38acd8d84532  GET /admin/profile  →  200  (6572.8 ms)
2026-03-21 11:24:44 | INFO     | [REQUEST] tenant=1628c0ff-8197-4032-8112-6da2b3d2090b  GET /admin/profile  →  200  (6962.3 ms)
2026-03-21 11:24:50 | INFO     | [REQUEST] tenant=-  POST /admin/auth  →  200  (2175.4 ms)
2026-03-21 11:24:54 | INFO     | [REQUEST] tenant=1628c0ff-8197-4032-8112-6da2b3d2090b  GET /admin/tenant-info  →  200  (3114.6 ms)
2026-03-21 11:24:58 | INFO     | [REQUEST] tenant=1628c0ff-8197-4032-8112-6da2b3d2090b  GET /admin/profile  →  200  (4540.7 ms)
2026-03-21 11:25:01 | INFO     | [REQUEST] tenant=1628c0ff-8197-4032-8112-6da2b3d2090b  GET /admin/chats  →  200  (7928.2 ms)
2026-03-21 11:25:05 | INFO     | [REQUEST] tenant=1628c0ff-8197-4032-8112-6da2b3d2090b  GET /admin/faqs  →  200  (11608.4 ms)
2026-03-21 11:25:05 | INFO     | [REQUEST] tenant=1628c0ff-8197-4032-8112-6da2b3d2090b  GET /admin/docs  →  200  (11614.7 ms)
2026-03-21 11:25:07 | INFO     | [REQUEST] tenant=1628c0ff-8197-4032-8112-6da2b3d2090b  GET /admin/tenant-info  →  200  (1332.1 ms)
2026-03-21 11:25:09 | INFO     | [REQUEST] tenant=1628c0ff-8197-4032-8112-6da2b3d2090b  GET /admin/chats  →  200  (1249.4 ms)
2026-03-21 11:25:12 | INFO     | [REQUEST] tenant=1628c0ff-8197-4032-8112-6da2b3d2090b  GET /admin/tenant-info  →  200  (2430.6 ms)
2026-03-21 11:25:13 | INFO     | [REQUEST] tenant=1628c0ff-8197-4032-8112-6da2b3d2090b  GET /admin/chats  →  200  (1787.9 ms)
2026-03-21 11:25:14 | INFO     | [REQUEST] tenant=1628c0ff-8197-4032-8112-6da2b3d2090b  GET /admin/faqs  →  200  (675.3 ms)
2026-03-21 11:25:17 | INFO     | [REQUEST] tenant=1628c0ff-8197-4032-8112-6da2b3d2090b  GET /admin/tenant-info  →  200  (2722.6 ms)
2026-03-21 11:25:17 | INFO     | [REQUEST] tenant=1628c0ff-8197-4032-8112-6da2b3d2090b  GET /admin/chats  →  200  (2733.8 ms)
2026-03-21 11:25:18 | INFO     | [REQUEST] tenant=1628c0ff-8197-4032-8112-6da2b3d2090b  GET /admin/docs  →  200  (1701.2 ms)
2026-03-21 11:25:21 | INFO     | [REQUEST] tenant=1628c0ff-8197-4032-8112-6da2b3d2090b  GET /admin/tenant-info  →  200  (1727.0 ms)
2026-03-21 11:25:27 | INFO     | [REQUEST] tenant=-  POST /chat  →  200  (5646.3 ms)
2026-03-21 11:26:22 | INFO     | [REQUEST] tenant=1628c0ff-8197-4032-8112-6da2b3d2090b  GET /admin/chats  →  200  (2335.1 ms)
2026-03-21 11:26:23 | INFO     | [REQUEST] tenant=1628c0ff-8197-4032-8112-6da2b3d2090b  GET /admin/tenant-info  →  200  (1324.5 ms)
2026-03-21 11:46:48 | ERROR    | [ERROR] tenant=-  path=/admin/tenants  error=OperationalError('(psycopg2.OperationalError) SSL connection has been closed unexpectedly\n')
2026-03-21 11:46:48 | DEBUG    | [TRACEBACK]
Traceback (most recent call last):
  File "C:\Users\Ajayr\anaconda3\envs\chatbot\Lib\site-packages\sqlalchemy\engine\base.py", line 1967, in _exec_single_context
    self.dialect.do_execute(
  File "C:\Users\Ajayr\anaconda3\envs\chatbot\Lib\site-packages\sqlalchemy\engine\default.py", line 952, in do_execute
    cursor.execute(statement, parameters)
psycopg2.OperationalError: SSL connection has been closed unexpectedly


The above exception was the direct cause of the following exception:

Traceback (most recent call last):
  File "C:\Users\Ajayr\OneDrive\Desktop\NEU AI TECH\CHATBOT PROJECT\CHAT BOT 1\backend\main.py", line 65, in logging_middleware
    response = await call_next(request)
               ^^^^^^^^^^^^^^^^^^^^^^^^
  File "C:\Users\Ajayr\anaconda3\envs\chatbot\Lib\site-packages\starlette\middleware\base.py", line 168, in call_next
    raise app_exc from app_exc.__cause__ or app_exc.__context__
  File "C:\Users\Ajayr\anaconda3\envs\chatbot\Lib\site-packages\starlette\middleware\base.py", line 144, in coro
    await self.app(scope, receive_or_disconnect, send_no_error)
  File "C:\Users\Ajayr\anaconda3\envs\chatbot\Lib\site-packages\starlette\middleware\exceptions.py", line 63, in __call__
    await wrap_app_handling_exceptions(self.app, conn)(scope, receive, send)
  File "C:\Users\Ajayr\anaconda3\envs\chatbot\Lib\site-packages\starlette\_exception_handler.py", line 53, in wrapped_app
    raise exc
  File "C:\Users\Ajayr\anaconda3\envs\chatbot\Lib\site-packages\starlette\_exception_handler.py", line 42, in wrapped_app
    await app(scope, receive, sender)
  File "C:\Users\Ajayr\anaconda3\envs\chatbot\Lib\site-packages\fastapi\middleware\asyncexitstack.py", line 18, in __call__
    await self.app(scope, receive, send)
  File "C:\Users\Ajayr\anaconda3\envs\chatbot\Lib\site-packages\starlette\routing.py", line 716, in __call__
    await self.middleware_stack(scope, receive, send)
  File "C:\Users\Ajayr\anaconda3\envs\chatbot\Lib\site-packages\starlette\routing.py", line 736, in app
    await route.handle(scope, receive, send)
  File "C:\Users\Ajayr\anaconda3\envs\chatbot\Lib\site-packages\starlette\routing.py", line 290, in handle
    await self.app(scope, receive, send)
  File "C:\Users\Ajayr\anaconda3\envs\chatbot\Lib\site-packages\fastapi\routing.py", line 122, in app
    await wrap_app_handling_exceptions(app, request)(scope, receive, send)
  File "C:\Users\Ajayr\anaconda3\envs\chatbot\Lib\site-packages\starlette\_exception_handler.py", line 53, in wrapped_app
    raise exc
  File "C:\Users\Ajayr\anaconda3\envs\chatbot\Lib\site-packages\starlette\_exception_handler.py", line 42, in wrapped_app
    await app(scope, receive, sender)
  File "C:\Users\Ajayr\anaconda3\envs\chatbot\Lib\site-packages\fastapi\routing.py", line 108, in app
    response = await f(request)
               ^^^^^^^^^^^^^^^^
  File "C:\Users\Ajayr\anaconda3\envs\chatbot\Lib\site-packages\fastapi\routing.py", line 532, in app
    raw_response = await run_endpoint_function(
                   ^^^^^^^^^^^^^^^^^^^^^^^^^^^^
  File "C:\Users\Ajayr\anaconda3\envs\chatbot\Lib\site-packages\fastapi\routing.py", line 316, in run_endpoint_function
    return await dependant.call(**values)
           ^^^^^^^^^^^^^^^^^^^^^^^^^^^^^^
  File "C:\Users\Ajayr\OneDrive\Desktop\NEU AI TECH\CHATBOT PROJECT\CHAT BOT 1\backend\main.py", line 318, in list_tenants
    tenants = get_all_tenants()
              ^^^^^^^^^^^^^^^^^
  File "C:\Users\Ajayr\OneDrive\Desktop\NEU AI TECH\CHATBOT PROJECT\CHAT BOT 1\backend\database.py", line 170, in get_all_tenants
    tenants = session.query(CentralTenant).options(joinedload(CentralTenant.plan)).all()
              ^^^^^^^^^^^^^^^^^^^^^^^^^^^^^^^^^^^^^^^^^^^^^^^^^^^^^^^^^^^^^^^^^^^^^^^^^^
  File "C:\Users\Ajayr\anaconda3\envs\chatbot\Lib\site-packages\sqlalchemy\orm\query.py", line 2704, in all
    return self._iter().all()  # type: ignore
           ^^^^^^^^^^^^
  File "C:\Users\Ajayr\anaconda3\envs\chatbot\Lib\site-packages\sqlalchemy\orm\query.py", line 2857, in _iter
    result: Union[ScalarResult[_T], Result[_T]] = self.session.execute(
                                                  ^^^^^^^^^^^^^^^^^^^^^
  File "C:\Users\Ajayr\anaconda3\envs\chatbot\Lib\site-packages\sqlalchemy\orm\session.py", line 2351, in execute
    return self._execute_internal(
           ^^^^^^^^^^^^^^^^^^^^^^^
  File "C:\Users\Ajayr\anaconda3\envs\chatbot\Lib\site-packages\sqlalchemy\orm\session.py", line 2249, in _execute_internal
    result: Result[Any] = compile_state_cls.orm_execute_statement(
                          ^^^^^^^^^^^^^^^^^^^^^^^^^^^^^^^^^^^^^^^^
  File "C:\Users\Ajayr\anaconda3\envs\chatbot\Lib\site-packages\sqlalchemy\orm\context.py", line 306, in orm_execute_statement
    result = conn.execute(
             ^^^^^^^^^^^^^
  File "C:\Users\Ajayr\anaconda3\envs\chatbot\Lib\site-packages\sqlalchemy\engine\base.py", line 1419, in execute
    return meth(
           ^^^^^
  File "C:\Users\Ajayr\anaconda3\envs\chatbot\Lib\site-packages\sqlalchemy\sql\elements.py", line 527, in _execute_on_connection
    return connection._execute_clauseelement(
           ^^^^^^^^^^^^^^^^^^^^^^^^^^^^^^^^^^
  File "C:\Users\Ajayr\anaconda3\envs\chatbot\Lib\site-packages\sqlalchemy\engine\base.py", line 1641, in _execute_clauseelement
    ret = self._execute_context(
          ^^^^^^^^^^^^^^^^^^^^^^
  File "C:\Users\Ajayr\anaconda3\envs\chatbot\Lib\site-packages\sqlalchemy\engine\base.py", line 1846, in _execute_context
    return self._exec_single_context(
           ^^^^^^^^^^^^^^^^^^^^^^^^^^
  File "C:\Users\Ajayr\anaconda3\envs\chatbot\Lib\site-packages\sqlalchemy\engine\base.py", line 1986, in _exec_single_context
    self._handle_dbapi_exception(
  File "C:\Users\Ajayr\anaconda3\envs\chatbot\Lib\site-packages\sqlalchemy\engine\base.py", line 2363, in _handle_dbapi_exception
    raise sqlalchemy_exception.with_traceback(exc_info[2]) from e
  File "C:\Users\Ajayr\anaconda3\envs\chatbot\Lib\site-packages\sqlalchemy\engine\base.py", line 1967, in _exec_single_context
    self.dialect.do_execute(
  File "C:\Users\Ajayr\anaconda3\envs\chatbot\Lib\site-packages\sqlalchemy\engine\default.py", line 952, in do_execute
    cursor.execute(statement, parameters)
sqlalchemy.exc.OperationalError: (psycopg2.OperationalError) SSL connection has been closed unexpectedly

[SQL: SELECT tenants.id AS tenants_id, tenants.name AS tenants_name, tenants.db_url AS tenants_db_url, tenants.api_key AS tenants_api_key, tenants.admin_password_hash AS tenants_admin_password_hash, tenants.is_active AS tenants_is_active, tenants.created_at AS tenants_created_at, tenants.subscription_end_date AS tenants_subscription_end_date, tenants.current_plan_id AS tenants_current_plan_id, tenants.notification_email AS tenants_notification_email, plans_1.id AS plans_1_id, plans_1.name AS plans_1_name, plans_1.price_inr AS plans_1_price_inr, plans_1.messages_per_month AS plans_1_messages_per_month, plans_1.docs_limit AS plans_1_docs_limit, plans_1.faqs_limit AS plans_1_faqs_limit, plans_1.export_enabled AS plans_1_export_enabled, plans_1.languages AS plans_1_languages 
FROM tenants LEFT OUTER JOIN plans AS plans_1 ON plans_1.id = tenants.current_plan_id]
(Background on this error at: https://sqlalche.me/e/20/e3q8)

2026-03-21 11:55:02 | ERROR    | [ERROR] tenant=-  path=/admin/tenants  error=OperationalError('(psycopg2.OperationalError) SSL connection has been closed unexpectedly\n')
2026-03-21 11:55:02 | DEBUG    | [TRACEBACK]
Traceback (most recent call last):
  File "C:\Users\Ajayr\anaconda3\envs\chatbot\Lib\site-packages\sqlalchemy\engine\base.py", line 1967, in _exec_single_context
    self.dialect.do_execute(
  File "C:\Users\Ajayr\anaconda3\envs\chatbot\Lib\site-packages\sqlalchemy\engine\default.py", line 952, in do_execute
    cursor.execute(statement, parameters)
psycopg2.OperationalError: SSL connection has been closed unexpectedly


The above exception was the direct cause of the following exception:

Traceback (most recent call last):
  File "C:\Users\Ajayr\OneDrive\Desktop\NEU AI TECH\CHATBOT PROJECT\CHAT BOT 1\backend\main.py", line 65, in logging_middleware
    response = await call_next(request)
               ^^^^^^^^^^^^^^^^^^^^^^^^
  File "C:\Users\Ajayr\anaconda3\envs\chatbot\Lib\site-packages\starlette\middleware\base.py", line 168, in call_next
    raise app_exc from app_exc.__cause__ or app_exc.__context__
  File "C:\Users\Ajayr\anaconda3\envs\chatbot\Lib\site-packages\starlette\middleware\base.py", line 144, in coro
    await self.app(scope, receive_or_disconnect, send_no_error)
  File "C:\Users\Ajayr\anaconda3\envs\chatbot\Lib\site-packages\starlette\middleware\exceptions.py", line 63, in __call__
    await wrap_app_handling_exceptions(self.app, conn)(scope, receive, send)
  File "C:\Users\Ajayr\anaconda3\envs\chatbot\Lib\site-packages\starlette\_exception_handler.py", line 53, in wrapped_app
    raise exc
  File "C:\Users\Ajayr\anaconda3\envs\chatbot\Lib\site-packages\starlette\_exception_handler.py", line 42, in wrapped_app
    await app(scope, receive, sender)
  File "C:\Users\Ajayr\anaconda3\envs\chatbot\Lib\site-packages\fastapi\middleware\asyncexitstack.py", line 18, in __call__
    await self.app(scope, receive, send)
  File "C:\Users\Ajayr\anaconda3\envs\chatbot\Lib\site-packages\starlette\routing.py", line 716, in __call__
    await self.middleware_stack(scope, receive, send)
  File "C:\Users\Ajayr\anaconda3\envs\chatbot\Lib\site-packages\starlette\routing.py", line 736, in app
    await route.handle(scope, receive, send)
  File "C:\Users\Ajayr\anaconda3\envs\chatbot\Lib\site-packages\starlette\routing.py", line 290, in handle
    await self.app(scope, receive, send)
  File "C:\Users\Ajayr\anaconda3\envs\chatbot\Lib\site-packages\fastapi\routing.py", line 122, in app
    await wrap_app_handling_exceptions(app, request)(scope, receive, send)
  File "C:\Users\Ajayr\anaconda3\envs\chatbot\Lib\site-packages\starlette\_exception_handler.py", line 53, in wrapped_app
    raise exc
  File "C:\Users\Ajayr\anaconda3\envs\chatbot\Lib\site-packages\starlette\_exception_handler.py", line 42, in wrapped_app
    await app(scope, receive, sender)
  File "C:\Users\Ajayr\anaconda3\envs\chatbot\Lib\site-packages\fastapi\routing.py", line 108, in app
    response = await f(request)
               ^^^^^^^^^^^^^^^^
  File "C:\Users\Ajayr\anaconda3\envs\chatbot\Lib\site-packages\fastapi\routing.py", line 532, in app
    raw_response = await run_endpoint_function(
                   ^^^^^^^^^^^^^^^^^^^^^^^^^^^^
  File "C:\Users\Ajayr\anaconda3\envs\chatbot\Lib\site-packages\fastapi\routing.py", line 316, in run_endpoint_function
    return await dependant.call(**values)
           ^^^^^^^^^^^^^^^^^^^^^^^^^^^^^^
  File "C:\Users\Ajayr\OneDrive\Desktop\NEU AI TECH\CHATBOT PROJECT\CHAT BOT 1\backend\main.py", line 318, in list_tenants
    tenants = get_all_tenants()
              ^^^^^^^^^^^^^^^^^
  File "C:\Users\Ajayr\OneDrive\Desktop\NEU AI TECH\CHATBOT PROJECT\CHAT BOT 1\backend\database.py", line 170, in get_all_tenants
    global _tenant_cache_data, _tenant_cache_time
                  ^^^^^^^^^^^^^^^^^^^^^^^^^^^^^^^^
  File "C:\Users\Ajayr\anaconda3\envs\chatbot\Lib\site-packages\sqlalchemy\orm\query.py", line 2704, in all
    return self._iter().all()  # type: ignore
           ^^^^^^^^^^^^
  File "C:\Users\Ajayr\anaconda3\envs\chatbot\Lib\site-packages\sqlalchemy\orm\query.py", line 2857, in _iter
    result: Union[ScalarResult[_T], Result[_T]] = self.session.execute(
                                                  ^^^^^^^^^^^^^^^^^^^^^
  File "C:\Users\Ajayr\anaconda3\envs\chatbot\Lib\site-packages\sqlalchemy\orm\session.py", line 2351, in execute
    return self._execute_internal(
           ^^^^^^^^^^^^^^^^^^^^^^^
  File "C:\Users\Ajayr\anaconda3\envs\chatbot\Lib\site-packages\sqlalchemy\orm\session.py", line 2249, in _execute_internal
    result: Result[Any] = compile_state_cls.orm_execute_statement(
                          ^^^^^^^^^^^^^^^^^^^^^^^^^^^^^^^^^^^^^^^^
  File "C:\Users\Ajayr\anaconda3\envs\chatbot\Lib\site-packages\sqlalchemy\orm\context.py", line 306, in orm_execute_statement
    result = conn.execute(
             ^^^^^^^^^^^^^
  File "C:\Users\Ajayr\anaconda3\envs\chatbot\Lib\site-packages\sqlalchemy\engine\base.py", line 1419, in execute
    return meth(
           ^^^^^
  File "C:\Users\Ajayr\anaconda3\envs\chatbot\Lib\site-packages\sqlalchemy\sql\elements.py", line 527, in _execute_on_connection
    return connection._execute_clauseelement(
           ^^^^^^^^^^^^^^^^^^^^^^^^^^^^^^^^^^
  File "C:\Users\Ajayr\anaconda3\envs\chatbot\Lib\site-packages\sqlalchemy\engine\base.py", line 1641, in _execute_clauseelement
    ret = self._execute_context(
          ^^^^^^^^^^^^^^^^^^^^^^
  File "C:\Users\Ajayr\anaconda3\envs\chatbot\Lib\site-packages\sqlalchemy\engine\base.py", line 1846, in _execute_context
    return self._exec_single_context(
           ^^^^^^^^^^^^^^^^^^^^^^^^^^
  File "C:\Users\Ajayr\anaconda3\envs\chatbot\Lib\site-packages\sqlalchemy\engine\base.py", line 1986, in _exec_single_context
    self._handle_dbapi_exception(
  File "C:\Users\Ajayr\anaconda3\envs\chatbot\Lib\site-packages\sqlalchemy\engine\base.py", line 2363, in _handle_dbapi_exception
    raise sqlalchemy_exception.with_traceback(exc_info[2]) from e
  File "C:\Users\Ajayr\anaconda3\envs\chatbot\Lib\site-packages\sqlalchemy\engine\base.py", line 1967, in _exec_single_context
    self.dialect.do_execute(
  File "C:\Users\Ajayr\anaconda3\envs\chatbot\Lib\site-packages\sqlalchemy\engine\default.py", line 952, in do_execute
    cursor.execute(statement, parameters)
sqlalchemy.exc.OperationalError: (psycopg2.OperationalError) SSL connection has been closed unexpectedly

[SQL: SELECT tenants.id AS tenants_id, tenants.name AS tenants_name, tenants.db_url AS tenants_db_url, tenants.api_key AS tenants_api_key, tenants.admin_password_hash AS tenants_admin_password_hash, tenants.is_active AS tenants_is_active, tenants.created_at AS tenants_created_at, tenants.subscription_end_date AS tenants_subscription_end_date, tenants.current_plan_id AS tenants_current_plan_id, tenants.notification_email AS tenants_notification_email, plans_1.id AS plans_1_id, plans_1.name AS plans_1_name, plans_1.price_inr AS plans_1_price_inr, plans_1.messages_per_month AS plans_1_messages_per_month, plans_1.docs_limit AS plans_1_docs_limit, plans_1.faqs_limit AS plans_1_faqs_limit, plans_1.export_enabled AS plans_1_export_enabled, plans_1.languages AS plans_1_languages 
FROM tenants LEFT OUTER JOIN plans AS plans_1 ON plans_1.id = tenants.current_plan_id]
(Background on this error at: https://sqlalche.me/e/20/e3q8)

2026-03-30 13:21:15 | INFO     | Central DB tables initialized.
2026-03-30 13:22:51 | INFO     | [REQUEST] tenant=-  GET /favicon.ico  →  404  (0.8 ms)
2026-03-30 14:04:26 | INFO     | Central DB tables initialized.
2026-03-30 14:05:08 | INFO     | [REQUEST] tenant=-  POST /chat  →  404  (3472.5 ms)
2026-03-30 14:22:05 | INFO     | Central DB tables initialized.
2026-03-30 14:22:38 | INFO     | Central DB tables initialized.
2026-03-30 15:53:50 | INFO     | Central DB tables initialized.
2026-03-30 15:54:05 | INFO     | Central DB tables initialized.
2026-04-02 14:24:16 | INFO     | Central DB tables initialized.
2026-04-02 14:25:02 | INFO     | Tenant DB migration complete for 4 tenants.
2026-04-02 14:42:58 | INFO     | Central DB tables initialized.
2026-04-02 14:43:43 | INFO     | Tenant DB migration complete for 4 tenants.
2026-04-02 14:45:59 | INFO     | Central DB tables initialized.
2026-04-02 14:46:34 | INFO     | Tenant DB migration complete for 4 tenants.
2026-04-02 17:46:04 | INFO     | Central DB tables initialized.
2026-04-02 17:46:47 | INFO     | Tenant DB migration complete for 4 tenants.
2026-04-02 18:08:08 | WARNING  | Could not initialize central DB tables: (psycopg2.OperationalError) could not translate host name "ep-dark-forest-adwisx6n-pooler.c-2.us-east-1.aws.neon.tech" to address: Name or service not known

(Background on this error at: https://sqlalche.me/e/20/e3q8)
2026-04-02 18:08:08 | WARNING  | Could not run tenant DB migrations: (psycopg2.OperationalError) could not translate host name "ep-dark-forest-adwisx6n-pooler.c-2.us-east-1.aws.neon.tech" to address: Name or service not known

(Background on this error at: https://sqlalche.me/e/20/e3q8)
2026-04-04 18:25:03 | INFO     | Central DB tables initialized.
2026-04-04 18:25:41 | INFO     | Tenant DB migration complete for 4 tenants.
2026-04-04 18:25:47 | INFO     | [REQUEST] tenant=-  GET /favicon.ico  →  404  (0.7 ms)
2026-04-04 18:25:49 | INFO     | Central DB tables initialized.
2026-04-04 18:25:53 | INFO     | [REQUEST] tenant=-  GET /redo  →  404  (0.6 ms)
2026-04-04 18:25:58 | INFO     | [REQUEST] tenant=-  GET /redoc  →  200  (0.4 ms)
2026-04-04 18:25:59 | INFO     | [REQUEST] tenant=-  GET /openapi.json  →  200  (232.4 ms)
2026-04-04 18:26:25 | INFO     | Tenant DB migration complete for 4 tenants.
2026-04-04 18:26:45 | INFO     | [REQUEST] tenant=-  POST /admin/tenant  →  200  (6451.5 ms)
2026-04-04 18:26:47 | INFO     | [REQUEST] tenant=-  POST /admin/auth  →  401  (1739.6 ms)
2026-04-04 18:26:49 | INFO     | [REQUEST] tenant=-  POST /admin/auth  →  401  (1807.4 ms)
2026-04-04 18:26:51 | INFO     | [REQUEST] tenant=-  POST /admin/auth  →  401  (1857.0 ms)
2026-04-04 18:26:53 | INFO     | [REQUEST] tenant=-  POST /admin/auth  →  401  (1820.0 ms)
2026-04-04 18:26:54 | INFO     | [REQUEST] tenant=-  POST /admin/auth  →  401  (1756.5 ms)
2026-04-04 18:26:56 | INFO     | [REQUEST] tenant=-  POST /admin/auth  →  401  (1830.3 ms)
2026-04-04 18:26:58 | INFO     | [REQUEST] tenant=-  POST /admin/auth  →  401  (1799.0 ms)
2026-04-04 18:27:00 | INFO     | [REQUEST] tenant=-  POST /admin/auth  →  401  (1827.1 ms)
2026-04-04 18:27:02 | INFO     | [REQUEST] tenant=-  POST /admin/auth  →  401  (1744.9 ms)
2026-04-04 18:27:03 | INFO     | [REQUEST] tenant=-  POST /admin/auth  →  401  (1783.4 ms)
2026-04-04 18:27:06 | INFO     | [REQUEST] tenant=-  POST /admin/auth  →  401  (2566.2 ms)
2026-04-04 18:27:08 | INFO     | [REQUEST] tenant=-  POST /admin/auth  →  401  (2354.8 ms)
2026-04-04 18:27:10 | INFO     | [REQUEST] tenant=-  POST /admin/auth  →  401  (1798.0 ms)
2026-04-04 18:27:12 | INFO     | [REQUEST] tenant=-  POST /admin/auth  →  401  (1825.9 ms)
2026-04-04 18:27:14 | INFO     | [REQUEST] tenant=-  POST /admin/auth  →  401  (1927.9 ms)
2026-04-04 18:27:16 | INFO     | [REQUEST] tenant=-  POST /admin/auth  →  401  (1984.2 ms)
2026-04-04 18:27:18 | INFO     | [REQUEST] tenant=-  POST /admin/auth  →  401  (1782.6 ms)
2026-04-04 18:27:19 | INFO     | [REQUEST] tenant=-  POST /admin/auth  →  401  (1795.0 ms)
2026-04-04 18:27:21 | INFO     | [REQUEST] tenant=-  POST /admin/auth  →  401  (1883.1 ms)
2026-04-04 18:27:23 | INFO     | [REQUEST] tenant=-  POST /admin/auth  →  401  (1771.1 ms)
2026-04-04 18:27:25 | INFO     | [REQUEST] tenant=-  POST /admin/auth  →  401  (1833.5 ms)
2026-04-04 18:27:27 | INFO     | [REQUEST] tenant=-  POST /admin/auth  →  401  (1781.1 ms)
2026-04-04 18:27:28 | INFO     | [REQUEST] tenant=-  POST /admin/auth  →  401  (1780.0 ms)
2026-04-04 18:27:30 | INFO     | [REQUEST] tenant=-  POST /admin/auth  →  401  (1822.0 ms)
2026-04-04 18:27:32 | INFO     | [REQUEST] tenant=-  POST /admin/auth  →  401  (1778.2 ms)
2026-04-04 18:27:34 | INFO     | [REQUEST] tenant=-  POST /admin/auth  →  401  (1799.3 ms)
2026-04-04 18:27:36 | INFO     | [REQUEST] tenant=-  POST /admin/auth  →  401  (1813.6 ms)
2026-04-04 18:28:57 | INFO     | [REQUEST] tenant=-  POST /admin/tenant  →  200  (6562.6 ms)
2026-04-04 18:29:03 | INFO     | [REQUEST] tenant=-  POST /chat  →  200  (6070.8 ms)
2026-04-04 18:29:05 | INFO     | [REQUEST] tenant=-  POST /chat  →  200  (8540.6 ms)
2026-04-04 18:29:11 | INFO     | [REQUEST] tenant=-  POST /chat  →  200  (8400.3 ms)
2026-04-04 18:29:11 | INFO     | [REQUEST] tenant=-  POST /chat  →  200  (8402.7 ms)
2026-04-04 18:29:17 | INFO     | [REQUEST] tenant=-  POST /chat  →  200  (11520.4 ms)
2026-04-04 18:29:19 | INFO     | [REQUEST] tenant=-  POST /chat  →  200  (11602.2 ms)
2026-04-04 18:29:22 | INFO     | [REQUEST] tenant=-  POST /chat  →  200  (10878.8 ms)
2026-04-04 18:29:24 | INFO     | [REQUEST] tenant=-  POST /chat  →  200  (13243.3 ms)
2026-04-04 18:29:27 | INFO     | [REQUEST] tenant=-  POST /chat  →  200  (16182.8 ms)
2026-04-04 18:29:27 | WARNING  | [ABUSE] ip=127.0.0.1  path=/chat  reason=Rate limit exceeded: 10 per 1 minute
2026-04-04 18:29:27 | INFO     | [REQUEST] tenant=-  POST /chat  →  200  (13281.7 ms)
2026-04-04 18:29:27 | WARNING  | [ABUSE] ip=127.0.0.1  path=/chat  reason=Rate limit exceeded: 10 per 1 minute
2026-04-04 18:29:27 | INFO     | [REQUEST] tenant=-  POST /chat  →  429  (10606.1 ms)
2026-04-04 18:29:27 | WARNING  | [ABUSE] ip=127.0.0.1  path=/chat  reason=Rate limit exceeded: 10 per 1 minute
2026-04-04 18:29:27 | INFO     | [REQUEST] tenant=-  POST /chat  →  429  (8084.2 ms)
2026-04-04 18:29:27 | WARNING  | [ABUSE] ip=127.0.0.1  path=/chat  reason=Rate limit exceeded: 10 per 1 minute
2026-04-04 18:29:27 | WARNING  | [ALERT] Error rate elevated: 23.5% (threshold: 20.0%)
2026-04-04 18:29:27 | INFO     | [REQUEST] tenant=-  POST /chat  →  429  (5340.4 ms)
2026-04-04 18:29:27 | WARNING  | [ALERT] SMTP not configured — cannot send alert.
2026-04-04 18:29:27 | WARNING  | [ABUSE] ip=127.0.0.1  path=/chat  reason=Rate limit exceeded: 10 per 1 minute
2026-04-04 18:29:27 | INFO     | [REQUEST] tenant=-  POST /chat  →  429  (2976.4 ms)
2026-04-04 18:29:34 | INFO     | [REQUEST] tenant=-  POST /chat  →  429  (6495.3 ms)
2026-04-04 18:29:34 | INFO     | [REQUEST] tenant=-  POST /admin/tenant  →  200  (6488.0 ms)
2026-04-04 18:29:42 | INFO     | [REQUEST] tenant=-  POST /admin/tenant  →  200  (7622.5 ms)
2026-04-04 18:29:46 | INFO     | [REQUEST] tenant=3638027d-fa12-4a1b-8bc5-53e554a936cf  POST /admin/faq  →  200  (4506.2 ms)
2026-04-04 18:29:46 | INFO     | [REQUEST] tenant=3638027d-fa12-4a1b-8bc5-53e554a936cf  GET /admin/faqs  →  200  (5.2 ms)
2026-04-04 18:29:46 | INFO     | [REQUEST] tenant=73480f2a-ade0-4391-8518-bbf945f6e011  DELETE /admin/faq/fcf27e30-dea2-4488-98b0-739ea3bc6d79  →  404  (7.4 ms)
2026-04-04 18:30:12 | INFO     | [REQUEST] tenant=-  POST /admin/tenant  →  200  (7225.7 ms)
2026-04-04 18:30:17 | INFO     | [REQUEST] tenant=-  POST /chat  →  200  (4994.8 ms)
2026-04-04 18:30:17 | INFO     | [REQUEST] tenant=3f3c0bd6-3b08-4f56-8c19-1baa9120df04  GET /admin/chats  →  200  (5.4 ms)
2026-04-04 18:31:03 | INFO     | [REQUEST] tenant=-  POST /admin/tenant  →  200  (6312.8 ms)
2026-04-04 18:40:53 | INFO     | Central DB tables initialized.
2026-04-04 18:41:33 | INFO     | Tenant DB migration complete for 10 tenants.
2026-04-04 18:42:54 | INFO     | [REQUEST] tenant=-  POST /admin/tenant  →  200  (7701.5 ms)
2026-04-04 18:43:03 | INFO     | [REQUEST] tenant=-  POST /admin/tenant  →  200  (9444.4 ms)
2026-04-04 18:43:13 | INFO     | [REQUEST] tenant=-  POST /admin/tenant  →  200  (9202.0 ms)
2026-04-04 18:43:24 | INFO     | [REQUEST] tenant=-  POST /chat  →  200  (11639.6 ms)
2026-04-04 18:43:24 | INFO     | [REQUEST] tenant=-  POST /admin/tenant  →  200  (11639.0 ms)
2026-04-04 18:43:26 | INFO     | [REQUEST] tenant=-  POST /admin/auth  →  401  (2013.9 ms)
2026-04-04 18:43:26 | INFO     | [REQUEST] tenant=7d34bae2-8ced-4707-acf1-82e9bd632f3f  POST /admin/faq  →  401  (8515.5 ms)
2026-04-04 18:43:26 | INFO     | [REQUEST] tenant=978d49e6-5621-4c5d-b49e-3f91e4366ecd  GET /admin/chats  →  401  (2021.4 ms)
2026-04-04 18:43:28 | INFO     | [REQUEST] tenant=-  POST /admin/auth  →  401  (1838.6 ms)
2026-04-04 18:43:30 | INFO     | [REQUEST] tenant=-  POST /admin/auth  →  401  (2031.4 ms)
2026-04-04 18:43:34 | INFO     | [REQUEST] tenant=-  POST /admin/auth  →  401  (3920.6 ms)
2026-04-04 18:43:36 | INFO     | [REQUEST] tenant=-  POST /admin/auth  →  401  (1813.3 ms)
2026-04-04 18:43:36 | WARNING  | [ABUSE] ip=127.0.0.1  path=/admin/auth  reason=Rate limit exceeded: 5 per 1 minute
2026-04-04 18:43:36 | INFO     | [REQUEST] tenant=-  POST /admin/auth  →  429  (4.2 ms)
2026-04-04 18:43:36 | WARNING  | [ABUSE] ip=127.0.0.1  path=/admin/auth  reason=Rate limit exceeded: 5 per 1 minute
2026-04-04 18:43:36 | INFO     | [REQUEST] tenant=-  POST /admin/auth  →  429  (1.8 ms)
2026-04-04 18:43:36 | WARNING  | [ABUSE] ip=127.0.0.1  path=/admin/auth  reason=Rate limit exceeded: 5 per 1 minute
2026-04-04 18:43:36 | INFO     | [REQUEST] tenant=-  POST /admin/auth  →  429  (2.5 ms)
2026-04-04 18:43:36 | WARNING  | [ABUSE] ip=127.0.0.1  path=/admin/auth  reason=Rate limit exceeded: 5 per 1 minute
2026-04-04 18:43:36 | INFO     | [REQUEST] tenant=-  POST /admin/auth  →  429  (2.5 ms)
2026-04-04 18:43:36 | WARNING  | [ABUSE] ip=127.0.0.1  path=/admin/auth  reason=Rate limit exceeded: 5 per 1 minute
2026-04-04 18:43:36 | INFO     | [REQUEST] tenant=-  POST /admin/auth  →  429  (3.8 ms)
2026-04-04 18:43:36 | WARNING  | [ABUSE] ip=127.0.0.1  path=/admin/auth  reason=Rate limit exceeded: 5 per 1 minute
2026-04-04 18:43:36 | INFO     | [REQUEST] tenant=-  POST /admin/auth  →  429  (2.4 ms)
2026-04-04 18:43:36 | WARNING  | [ABUSE] ip=127.0.0.1  path=/admin/auth  reason=Rate limit exceeded: 5 per 1 minute
2026-04-04 18:43:36 | INFO     | [REQUEST] tenant=-  POST /admin/auth  →  429  (2.7 ms)
2026-04-04 18:43:36 | WARNING  | [ABUSE] ip=127.0.0.1  path=/admin/auth  reason=Rate limit exceeded: 5 per 1 minute
2026-04-04 18:43:36 | INFO     | [REQUEST] tenant=-  POST /admin/auth  →  429  (3.0 ms)
2026-04-04 18:43:36 | WARNING  | [ABUSE] ip=127.0.0.1  path=/admin/auth  reason=Rate limit exceeded: 5 per 1 minute
2026-04-04 18:43:36 | INFO     | [REQUEST] tenant=-  POST /admin/auth  →  429  (3.8 ms)
2026-04-04 18:43:36 | WARNING  | [ABUSE] ip=127.0.0.1  path=/admin/auth  reason=Rate limit exceeded: 5 per 1 minute
2026-04-04 18:43:36 | INFO     | [REQUEST] tenant=-  POST /admin/auth  →  429  (3.1 ms)
2026-04-04 18:43:36 | WARNING  | [ABUSE] ip=127.0.0.1  path=/admin/auth  reason=Rate limit exceeded: 5 per 1 minute
2026-04-04 18:43:36 | INFO     | [REQUEST] tenant=-  POST /admin/auth  →  429  (4.4 ms)
2026-04-04 18:43:36 | WARNING  | [ABUSE] ip=127.0.0.1  path=/admin/auth  reason=Rate limit exceeded: 5 per 1 minute
2026-04-04 18:43:36 | INFO     | [REQUEST] tenant=-  POST /admin/auth  →  429  (3.1 ms)
2026-04-04 18:43:36 | WARNING  | [ABUSE] ip=127.0.0.1  path=/admin/auth  reason=Rate limit exceeded: 5 per 1 minute
2026-04-04 18:43:36 | INFO     | [REQUEST] tenant=-  POST /admin/auth  →  429  (2.8 ms)
2026-04-04 18:43:36 | WARNING  | [ABUSE] ip=127.0.0.1  path=/admin/auth  reason=Rate limit exceeded: 5 per 1 minute
2026-04-04 18:43:36 | INFO     | [REQUEST] tenant=-  POST /admin/auth  →  429  (7.8 ms)
2026-04-04 18:43:36 | WARNING  | [ABUSE] ip=127.0.0.1  path=/admin/auth  reason=Rate limit exceeded: 5 per 1 minute
2026-04-04 18:43:36 | INFO     | [REQUEST] tenant=-  POST /admin/auth  →  429  (3.8 ms)
2026-04-04 18:43:36 | WARNING  | [ABUSE] ip=127.0.0.1  path=/admin/auth  reason=Rate limit exceeded: 5 per 1 minute
2026-04-04 18:43:36 | INFO     | [REQUEST] tenant=-  POST /admin/auth  →  429  (2.4 ms)
2026-04-04 18:43:36 | WARNING  | [ABUSE] ip=127.0.0.1  path=/admin/auth  reason=Rate limit exceeded: 5 per 1 minute
2026-04-04 18:43:36 | INFO     | [REQUEST] tenant=-  POST /admin/auth  →  429  (4.6 ms)
2026-04-04 18:43:36 | WARNING  | [ABUSE] ip=127.0.0.1  path=/admin/auth  reason=Rate limit exceeded: 5 per 1 minute
2026-04-04 18:43:36 | INFO     | [REQUEST] tenant=-  POST /admin/auth  →  429  (3.4 ms)
2026-04-04 18:43:36 | WARNING  | [ABUSE] ip=127.0.0.1  path=/admin/auth  reason=Rate limit exceeded: 5 per 1 minute
2026-04-04 18:43:36 | INFO     | [REQUEST] tenant=-  POST /admin/auth  →  429  (3.8 ms)
2026-04-04 18:43:36 | WARNING  | [ABUSE] ip=127.0.0.1  path=/admin/auth  reason=Rate limit exceeded: 5 per 1 minute
2026-04-04 18:43:36 | INFO     | [REQUEST] tenant=-  POST /admin/auth  →  429  (3.1 ms)
2026-04-04 18:43:36 | WARNING  | [ABUSE] ip=127.0.0.1  path=/admin/auth  reason=Rate limit exceeded: 5 per 1 minute
2026-04-04 18:43:36 | INFO     | [REQUEST] tenant=-  POST /admin/auth  →  429  (3.2 ms)
2026-04-04 18:43:36 | WARNING  | [ABUSE] ip=127.0.0.1  path=/admin/auth  reason=Rate limit exceeded: 5 per 1 minute
2026-04-04 18:43:36 | INFO     | [REQUEST] tenant=-  POST /admin/auth  →  429  (2.6 ms)
2026-04-04 18:43:36 | WARNING  | [ABUSE] ip=127.0.0.1  path=/admin/auth  reason=Rate limit exceeded: 5 per 1 minute
2026-04-04 18:43:36 | INFO     | [REQUEST] tenant=-  POST /admin/auth  →  429  (3.2 ms)
2026-04-04 18:43:36 | WARNING  | [ABUSE] ip=127.0.0.1  path=/admin/auth  reason=Rate limit exceeded: 5 per 1 minute
2026-04-04 18:43:36 | INFO     | [REQUEST] tenant=-  POST /admin/auth  →  429  (4.7 ms)
2026-04-04 18:43:36 | WARNING  | [ABUSE] ip=127.0.0.1  path=/admin/auth  reason=Rate limit exceeded: 5 per 1 minute
2026-04-04 18:43:36 | INFO     | [REQUEST] tenant=-  POST /admin/auth  →  429  (2.6 ms)
2026-04-04 18:43:36 | WARNING  | [ABUSE] ip=127.0.0.1  path=/admin/auth  reason=Rate limit exceeded: 5 per 1 minute
2026-04-04 18:43:36 | INFO     | [REQUEST] tenant=-  POST /admin/auth  →  429  (3.5 ms)
2026-04-04 18:43:36 | WARNING  | [ABUSE] ip=127.0.0.1  path=/admin/auth  reason=Rate limit exceeded: 5 per 1 minute
2026-04-04 18:43:36 | INFO     | [REQUEST] tenant=-  POST /admin/auth  →  429  (3.0 ms)
2026-04-04 18:43:36 | WARNING  | [ABUSE] ip=127.0.0.1  path=/admin/auth  reason=Rate limit exceeded: 5 per 1 minute
2026-04-04 18:43:36 | INFO     | [REQUEST] tenant=-  POST /admin/auth  →  429  (3.6 ms)
2026-04-04 18:43:36 | WARNING  | [ABUSE] ip=127.0.0.1  path=/admin/auth  reason=Rate limit exceeded: 5 per 1 minute
2026-04-04 18:43:36 | INFO     | [REQUEST] tenant=-  POST /admin/auth  →  429  (3.0 ms)
2026-04-04 18:43:36 | WARNING  | [ABUSE] ip=127.0.0.1  path=/admin/auth  reason=Rate limit exceeded: 5 per 1 minute
2026-04-04 18:43:36 | INFO     | [REQUEST] tenant=-  POST /admin/auth  →  429  (2.8 ms)
2026-04-04 18:43:36 | WARNING  | [ABUSE] ip=127.0.0.1  path=/admin/auth  reason=Rate limit exceeded: 5 per 1 minute
2026-04-04 18:43:36 | INFO     | [REQUEST] tenant=-  POST /admin/auth  →  429  (3.0 ms)
2026-04-04 18:43:36 | WARNING  | [ABUSE] ip=127.0.0.1  path=/admin/auth  reason=Rate limit exceeded: 5 per 1 minute
2026-04-04 18:43:36 | INFO     | [REQUEST] tenant=-  POST /admin/auth  →  429  (3.5 ms)
2026-04-04 18:43:36 | WARNING  | [ABUSE] ip=127.0.0.1  path=/admin/auth  reason=Rate limit exceeded: 5 per 1 minute
2026-04-04 18:43:36 | INFO     | [REQUEST] tenant=-  POST /admin/auth  →  429  (1.7 ms)
2026-04-04 18:43:36 | WARNING  | [ABUSE] ip=127.0.0.1  path=/admin/auth  reason=Rate limit exceeded: 5 per 1 minute
2026-04-04 18:43:36 | INFO     | [REQUEST] tenant=-  POST /admin/auth  →  429  (2.8 ms)
2026-04-04 18:43:36 | WARNING  | [ABUSE] ip=127.0.0.1  path=/admin/auth  reason=Rate limit exceeded: 5 per 1 minute
2026-04-04 18:43:36 | INFO     | [REQUEST] tenant=-  POST /admin/auth  →  429  (3.1 ms)
2026-04-04 18:43:36 | WARNING  | [ABUSE] ip=127.0.0.1  path=/admin/auth  reason=Rate limit exceeded: 5 per 1 minute
2026-04-04 18:43:36 | INFO     | [REQUEST] tenant=-  POST /admin/auth  →  429  (2.9 ms)
2026-04-04 18:43:36 | WARNING  | [ABUSE] ip=127.0.0.1  path=/admin/auth  reason=Rate limit exceeded: 5 per 1 minute
2026-04-04 18:43:36 | INFO     | [REQUEST] tenant=-  POST /admin/auth  →  429  (2.9 ms)
2026-04-04 18:43:36 | WARNING  | [ABUSE] ip=127.0.0.1  path=/admin/auth  reason=Rate limit exceeded: 5 per 1 minute
2026-04-04 18:43:36 | INFO     | [REQUEST] tenant=-  POST /admin/auth  →  429  (3.9 ms)
2026-04-04 18:43:36 | WARNING  | [ABUSE] ip=127.0.0.1  path=/admin/auth  reason=Rate limit exceeded: 5 per 1 minute
2026-04-04 18:43:36 | INFO     | [REQUEST] tenant=-  POST /admin/auth  →  429  (3.3 ms)
2026-04-04 18:43:36 | WARNING  | [ABUSE] ip=127.0.0.1  path=/admin/auth  reason=Rate limit exceeded: 5 per 1 minute
2026-04-04 18:43:36 | INFO     | [REQUEST] tenant=-  POST /admin/auth  →  429  (2.7 ms)
2026-04-04 18:43:36 | WARNING  | [ABUSE] ip=127.0.0.1  path=/admin/auth  reason=Rate limit exceeded: 5 per 1 minute
2026-04-04 18:43:36 | INFO     | [REQUEST] tenant=-  POST /admin/auth  →  429  (6.0 ms)
2026-04-04 18:43:36 | WARNING  | [ABUSE] ip=127.0.0.1  path=/admin/auth  reason=Rate limit exceeded: 5 per 1 minute
2026-04-04 18:43:36 | INFO     | [REQUEST] tenant=-  POST /admin/auth  →  429  (2.6 ms)
2026-04-04 18:43:36 | WARNING  | [ABUSE] ip=127.0.0.1  path=/admin/auth  reason=Rate limit exceeded: 5 per 1 minute
2026-04-04 18:43:36 | INFO     | [REQUEST] tenant=-  POST /admin/auth  →  429  (4.2 ms)
2026-04-04 18:43:36 | WARNING  | [ABUSE] ip=127.0.0.1  path=/admin/auth  reason=Rate limit exceeded: 5 per 1 minute
2026-04-04 18:43:36 | INFO     | [REQUEST] tenant=-  POST /admin/auth  →  429  (3.1 ms)
2026-04-04 18:43:36 | WARNING  | [ABUSE] ip=127.0.0.1  path=/admin/auth  reason=Rate limit exceeded: 5 per 1 minute
2026-04-04 18:43:36 | INFO     | [REQUEST] tenant=-  POST /admin/auth  →  429  (3.2 ms)
2026-04-04 18:44:51 | INFO     | [REQUEST] tenant=-  POST /admin/tenant  →  200  (10079.9 ms)
2026-04-04 18:45:00 | INFO     | [REQUEST] tenant=-  POST /admin/tenant  →  200  (9524.7 ms)
2026-04-04 18:45:08 | INFO     | [REQUEST] tenant=-  POST /admin/tenant  →  200  (7689.2 ms)
2026-04-04 18:45:14 | INFO     | [REQUEST] tenant=-  POST /chat  →  200  (6389.2 ms)
2026-04-04 18:45:16 | INFO     | [REQUEST] tenant=1589be3a-6950-48ec-8462-3c343efeb125  POST /admin/faq  →  200  (1741.4 ms)
2026-04-04 18:45:16 | INFO     | [REQUEST] tenant=d773963b-ea44-48aa-9db1-97c8d43bf686  GET /admin/chats  →  200  (6.4 ms)
2026-04-04 18:45:16 | INFO     | [REQUEST] tenant=1589be3a-6950-48ec-8462-3c343efeb125  GET /admin/faqs  →  403  (6.4 ms)
2026-04-04 18:45:16 | INFO     | [REQUEST] tenant=5f69bfe1-864e-412b-a2b5-daae2bd01178  DELETE /admin/faq/cf61c3e9-67d1-45f9-b092-5a1731fc4297  →  404  (10.1 ms)
2026-04-04 18:53:10 | INFO     | [REQUEST] tenant=-  POST /admin/tenant  →  200  (9499.1 ms)
2026-04-04 18:59:01 | INFO     | Central DB tables initialized.
2026-04-04 18:59:41 | INFO     | Tenant DB migration complete for 18 tenants.
2026-04-04 19:00:59 | INFO     | [REQUEST] tenant=-  POST /admin/tenant  →  200  (6704.0 ms)
2026-04-04 19:01:25 | INFO     | [REQUEST] tenant=4e99868f-f676-4bf1-b2ee-395977f7335c  POST /admin/faq  →  200  (25933.5 ms)
2026-04-04 19:01:25 | INFO     | [REQUEST] tenant=4e99868f-f676-4bf1-b2ee-395977f7335c  POST /admin/faq  →  200  (25909.7 ms)
2026-04-04 19:01:25 | INFO     | [REQUEST] tenant=4e99868f-f676-4bf1-b2ee-395977f7335c  POST /admin/faq  →  200  (25913.4 ms)
2026-04-04 19:01:25 | INFO     | [REQUEST] tenant=4e99868f-f676-4bf1-b2ee-395977f7335c  POST /admin/faq  →  200  (25916.6 ms)
2026-04-04 19:01:25 | INFO     | [REQUEST] tenant=4e99868f-f676-4bf1-b2ee-395977f7335c  POST /admin/faq  →  200  (25919.9 ms)
2026-04-04 19:01:25 | INFO     | [REQUEST] tenant=4e99868f-f676-4bf1-b2ee-395977f7335c  POST /admin/faq  →  200  (25922.4 ms)
2026-04-04 19:01:25 | INFO     | [REQUEST] tenant=4e99868f-f676-4bf1-b2ee-395977f7335c  POST /admin/faq  →  200  (25927.7 ms)
2026-04-04 19:01:25 | INFO     | [REQUEST] tenant=4e99868f-f676-4bf1-b2ee-395977f7335c  POST /admin/faq  →  200  (25931.7 ms)
2026-04-04 19:01:25 | INFO     | [REQUEST] tenant=4e99868f-f676-4bf1-b2ee-395977f7335c  POST /admin/faq  →  200  (25935.3 ms)
2026-04-04 19:01:25 | INFO     | [REQUEST] tenant=4e99868f-f676-4bf1-b2ee-395977f7335c  POST /admin/faq  →  200  (25939.8 ms)
2026-04-04 19:01:25 | INFO     | [REQUEST] tenant=4e99868f-f676-4bf1-b2ee-395977f7335c  POST /admin/faq  →  200  (25943.0 ms)
2026-04-04 19:01:26 | INFO     | [REQUEST] tenant=4e99868f-f676-4bf1-b2ee-395977f7335c  POST /admin/faq  →  200  (27721.0 ms)
2026-04-04 19:01:28 | INFO     | [REQUEST] tenant=4e99868f-f676-4bf1-b2ee-395977f7335c  POST /admin/faq  →  200  (29505.5 ms)
2026-04-04 19:01:30 | INFO     | [REQUEST] tenant=4e99868f-f676-4bf1-b2ee-395977f7335c  POST /admin/faq  →  200  (31429.4 ms)
2026-04-04 19:01:32 | INFO     | [REQUEST] tenant=4e99868f-f676-4bf1-b2ee-395977f7335c  POST /admin/faq  →  200  (33551.7 ms)
2026-04-04 19:01:34 | INFO     | [REQUEST] tenant=4e99868f-f676-4bf1-b2ee-395977f7335c  POST /admin/faq  →  200  (35232.9 ms)
2026-04-04 19:01:36 | INFO     | [REQUEST] tenant=4e99868f-f676-4bf1-b2ee-395977f7335c  POST /admin/faq  →  200  (37042.9 ms)
2026-04-04 19:01:37 | INFO     | [REQUEST] tenant=4e99868f-f676-4bf1-b2ee-395977f7335c  POST /admin/faq  →  200  (38789.0 ms)
2026-04-04 19:01:40 | INFO     | [REQUEST] tenant=4e99868f-f676-4bf1-b2ee-395977f7335c  POST /admin/faq  →  200  (41018.7 ms)
2026-04-04 19:01:41 | INFO     | [REQUEST] tenant=4e99868f-f676-4bf1-b2ee-395977f7335c  POST /admin/faq  →  200  (42776.3 ms)
2026-04-04 19:01:43 | INFO     | [REQUEST] tenant=4e99868f-f676-4bf1-b2ee-395977f7335c  POST /admin/faq  →  403  (44414.7 ms)
2026-04-04 19:01:45 | INFO     | [REQUEST] tenant=4e99868f-f676-4bf1-b2ee-395977f7335c  POST /admin/faq  →  403  (46136.3 ms)
2026-04-04 19:01:46 | INFO     | [REQUEST] tenant=4e99868f-f676-4bf1-b2ee-395977f7335c  POST /admin/faq  →  403  (47859.3 ms)
2026-04-04 19:01:49 | INFO     | [REQUEST] tenant=4e99868f-f676-4bf1-b2ee-395977f7335c  POST /admin/faq  →  403  (50544.1 ms)
2026-04-04 19:01:51 | INFO     | [REQUEST] tenant=4e99868f-f676-4bf1-b2ee-395977f7335c  POST /admin/faq  →  403  (52280.0 ms)
2026-04-04 19:01:53 | INFO     | [REQUEST] tenant=4e99868f-f676-4bf1-b2ee-395977f7335c  POST /admin/faq  →  403  (53896.1 ms)
2026-04-04 19:01:54 | INFO     | [REQUEST] tenant=4e99868f-f676-4bf1-b2ee-395977f7335c  POST /admin/faq  →  403  (55626.0 ms)
2026-04-04 19:01:56 | INFO     | [REQUEST] tenant=4e99868f-f676-4bf1-b2ee-395977f7335c  POST /admin/faq  →  403  (57327.5 ms)
2026-04-04 19:01:58 | INFO     | [REQUEST] tenant=4e99868f-f676-4bf1-b2ee-395977f7335c  POST /admin/faq  →  403  (59470.6 ms)
2026-04-04 19:02:00 | INFO     | [REQUEST] tenant=4e99868f-f676-4bf1-b2ee-395977f7335c  POST /admin/faq  →  403  (61792.6 ms)
2026-04-04 19:02:03 | INFO     | [REQUEST] tenant=4e99868f-f676-4bf1-b2ee-395977f7335c  POST /admin/faq  →  403  (63962.3 ms)
2026-04-04 19:02:04 | INFO     | [REQUEST] tenant=4e99868f-f676-4bf1-b2ee-395977f7335c  POST /admin/faq  →  403  (65707.6 ms)
2026-04-04 19:02:06 | INFO     | [REQUEST] tenant=4e99868f-f676-4bf1-b2ee-395977f7335c  POST /admin/faq  →  403  (67420.7 ms)
2026-04-04 19:02:09 | INFO     | [REQUEST] tenant=4e99868f-f676-4bf1-b2ee-395977f7335c  POST /admin/faq  →  403  (70089.3 ms)
2026-04-04 19:02:10 | INFO     | [REQUEST] tenant=4e99868f-f676-4bf1-b2ee-395977f7335c  POST /admin/faq  →  403  (71804.2 ms)
2026-04-04 19:02:12 | INFO     | [REQUEST] tenant=4e99868f-f676-4bf1-b2ee-395977f7335c  POST /admin/faq  →  403  (73487.1 ms)
2026-04-04 19:02:14 | INFO     | [REQUEST] tenant=4e99868f-f676-4bf1-b2ee-395977f7335c  POST /admin/faq  →  403  (75205.1 ms)
2026-04-04 19:02:16 | INFO     | [REQUEST] tenant=4e99868f-f676-4bf1-b2ee-395977f7335c  POST /admin/faq  →  403  (76890.5 ms)
2026-04-04 19:02:17 | INFO     | [REQUEST] tenant=4e99868f-f676-4bf1-b2ee-395977f7335c  POST /admin/faq  →  403  (78673.2 ms)
2026-04-04 19:02:20 | INFO     | [REQUEST] tenant=4e99868f-f676-4bf1-b2ee-395977f7335c  POST /admin/faq  →  403  (81020.6 ms)
2026-04-04 19:02:21 | INFO     | [REQUEST] tenant=4e99868f-f676-4bf1-b2ee-395977f7335c  POST /admin/faq  →  403  (82780.8 ms)
2026-04-04 19:02:23 | INFO     | [REQUEST] tenant=4e99868f-f676-4bf1-b2ee-395977f7335c  POST /admin/faq  →  403  (84575.2 ms)
2026-04-04 19:02:25 | INFO     | [REQUEST] tenant=4e99868f-f676-4bf1-b2ee-395977f7335c  POST /admin/faq  →  403  (86284.6 ms)
2026-04-04 19:02:27 | INFO     | [REQUEST] tenant=4e99868f-f676-4bf1-b2ee-395977f7335c  POST /admin/faq  →  403  (88049.5 ms)
2026-04-04 19:02:28 | INFO     | [REQUEST] tenant=4e99868f-f676-4bf1-b2ee-395977f7335c  POST /admin/faq  →  403  (89802.1 ms)
2026-04-04 19:02:30 | INFO     | [REQUEST] tenant=4e99868f-f676-4bf1-b2ee-395977f7335c  POST /admin/faq  →  403  (91410.3 ms)
2026-04-04 19:02:32 | INFO     | [REQUEST] tenant=4e99868f-f676-4bf1-b2ee-395977f7335c  POST /admin/faq  →  403  (93582.9 ms)
2026-04-04 19:02:34 | INFO     | [REQUEST] tenant=4e99868f-f676-4bf1-b2ee-395977f7335c  POST /admin/faq  →  403  (95266.0 ms)
2026-04-06 15:17:04 | INFO     | Central DB tables initialised.
2026-04-06 15:17:48 | WARNING  | Could not migrate tenant a574f011-4bfd-4faa-ba6d-31558fb7e225 DB: (sqlite3.OperationalError) unable to open database file
(Background on this error at: https://sqlalche.me/e/20/e3q8)
2026-04-06 15:17:59 | INFO     | Tenant DB migration complete for 20 tenants.
2026-04-06 15:18:03 | INFO     | [REQUEST] tenant=-  GET /favicon.ico  →  404  (0.7 ms)
2026-04-06 15:18:21 | INFO     | [REQUEST] tenant=-  GET /redoc  →  200  (1.0 ms)
2026-04-06 15:18:22 | INFO     | [REQUEST] tenant=-  GET /openapi.json  →  200  (606.4 ms)
2026-04-06 15:20:48 | INFO     | [REQUEST] tenant=-  GET /docs  →  200  (1.1 ms)
2026-04-06 15:20:49 | INFO     | [REQUEST] tenant=-  GET /openapi.json  →  200  (11.7 ms)
2026-04-06 15:21:10 | INFO     | [REQUEST] tenant=-  POST /admin/seller-auth  →  200  (12.1 ms)
2026-04-06 15:23:55 | INFO     | Central DB tables initialised.
2026-04-06 15:24:25 | WARNING  | Could not migrate tenant a574f011-4bfd-4faa-ba6d-31558fb7e225 DB: (sqlite3.OperationalError) unable to open database file
(Background on this error at: https://sqlalche.me/e/20/e3q8)
2026-04-06 15:24:35 | INFO     | Tenant DB migration complete for 20 tenants.
2026-04-07 10:16:07 | INFO     | Central DB tables initialised.
2026-04-07 10:17:13 | WARNING  | Could not migrate tenant a574f011-4bfd-4faa-ba6d-31558fb7e225 DB: (sqlite3.OperationalError) unable to open database file
(Background on this error at: https://sqlalche.me/e/20/e3q8)
2026-04-07 10:17:13 | INFO     | Tenant DB migration complete for 3 tenants.
2026-04-07 10:19:32 | INFO     | Central DB tables initialised.
2026-04-07 10:20:07 | WARNING  | Could not migrate tenant a574f011-4bfd-4faa-ba6d-31558fb7e225 DB: (sqlite3.OperationalError) unable to open database file
(Background on this error at: https://sqlalche.me/e/20/e3q8)
2026-04-07 10:20:07 | INFO     | Tenant DB migration complete for 3 tenants.
2026-04-07 12:24:18 | INFO     | Central DB tables initialised.
2026-04-07 12:24:36 | WARNING  | Could not migrate tenant a574f011-4bfd-4faa-ba6d-31558fb7e225 DB: (sqlite3.OperationalError) unable to open database file
(Background on this error at: https://sqlalche.me/e/20/e3q8)
2026-04-07 12:24:36 | INFO     | Tenant DB migration complete for 3 tenants.
2026-04-07 17:43:30 | INFO     | Central DB tables initialised.
2026-04-07 17:43:32 | WARNING  | Could not run tenant DB migrations: (psycopg2.errors.UndefinedColumn) column tenants.is_demo_account does not exist
LINE 1: ...ord_hash, tenants.is_active AS tenants_is_active, tenants.is...
                                                             ^

[SQL: SELECT tenants.id AS tenants_id, tenants.name AS tenants_name, tenants.username AS tenants_username, tenants.db_url AS tenants_db_url, tenants.api_key AS tenants_api_key, tenants.admin_password_hash AS tenants_admin_password_hash, tenants.is_active AS tenants_is_active, tenants.is_demo_account AS tenants_is_demo_account, tenants.created_at AS tenants_created_at, tenants.subscription_end_date AS tenants_subscription_end_date, tenants.current_plan_id AS tenants_current_plan_id, tenants.notification_email AS tenants_notification_email, plans_1.id AS plans_1_id, plans_1.name AS plans_1_name, plans_1.price_inr AS plans_1_price_inr, plans_1.messages_per_month AS plans_1_messages_per_month, plans_1.docs_limit AS plans_1_docs_limit, plans_1.faqs_limit AS plans_1_faqs_limit, plans_1.export_enabled AS plans_1_export_enabled, plans_1.languages AS plans_1_languages, plans_1.default_trial_days AS plans_1_default_trial_days 
FROM tenants LEFT OUTER JOIN plans AS plans_1 ON plans_1.id = tenants.current_plan_id]
(Background on this error at: https://sqlalche.me/e/20/f405)
2026-04-07 19:18:09 | INFO     | Central DB tables initialised.
2026-04-07 19:18:10 | WARNING  | Could not run tenant DB migrations: (psycopg2.errors.UndefinedColumn) column tenants.is_demo_account does not exist
LINE 1: ...ord_hash, tenants.is_active AS tenants_is_active, tenants.is...
                                                             ^

[SQL: SELECT tenants.id AS tenants_id, tenants.name AS tenants_name, tenants.username AS tenants_username, tenants.db_url AS tenants_db_url, tenants.api_key AS tenants_api_key, tenants.admin_password_hash AS tenants_admin_password_hash, tenants.is_active AS tenants_is_active, tenants.is_demo_account AS tenants_is_demo_account, tenants.created_at AS tenants_created_at, tenants.subscription_end_date AS tenants_subscription_end_date, tenants.current_plan_id AS tenants_current_plan_id, tenants.notification_email AS tenants_notification_email, plans_1.id AS plans_1_id, plans_1.name AS plans_1_name, plans_1.price_inr AS plans_1_price_inr, plans_1.messages_per_month AS plans_1_messages_per_month, plans_1.docs_limit AS plans_1_docs_limit, plans_1.faqs_limit AS plans_1_faqs_limit, plans_1.export_enabled AS plans_1_export_enabled, plans_1.languages AS plans_1_languages, plans_1.default_trial_days AS plans_1_default_trial_days 
FROM tenants LEFT OUTER JOIN plans AS plans_1 ON plans_1.id = tenants.current_plan_id]
(Background on this error at: https://sqlalche.me/e/20/f405)
2026-04-07 19:20:02 | INFO     | [REQUEST] tenant=-  GET /favicon.ico  →  404  (0.9 ms)
2026-04-08 17:32:04 | INFO     | Central DB tables initialised.
2026-04-08 17:32:07 | WARNING  | Could not run tenant DB migrations: (psycopg2.errors.UndefinedColumn) column tenants.is_demo_account does not exist
LINE 1: ...ord_hash, tenants.is_active AS tenants_is_active, tenants.is...
                                                             ^

[SQL: SELECT tenants.id AS tenants_id, tenants.name AS tenants_name, tenants.username AS tenants_username, tenants.db_url AS tenants_db_url, tenants.api_key AS tenants_api_key, tenants.admin_password_hash AS tenants_admin_password_hash, tenants.is_active AS tenants_is_active, tenants.is_demo_account AS tenants_is_demo_account, tenants.created_at AS tenants_created_at, tenants.subscription_end_date AS tenants_subscription_end_date, tenants.current_plan_id AS tenants_current_plan_id, tenants.notification_email AS tenants_notification_email, plans_1.id AS plans_1_id, plans_1.name AS plans_1_name, plans_1.price_inr AS plans_1_price_inr, plans_1.messages_per_month AS plans_1_messages_per_month, plans_1.docs_limit AS plans_1_docs_limit, plans_1.faqs_limit AS plans_1_faqs_limit, plans_1.export_enabled AS plans_1_export_enabled, plans_1.languages AS plans_1_languages, plans_1.default_trial_days AS plans_1_default_trial_days 
FROM tenants LEFT OUTER JOIN plans AS plans_1 ON plans_1.id = tenants.current_plan_id]
(Background on this error at: https://sqlalche.me/e/20/f405)
2026-04-08 17:50:36 | INFO     | Central DB tables initialised.
2026-04-08 17:50:37 | WARNING  | Could not run tenant DB migrations: (psycopg2.errors.UndefinedColumn) column tenants.is_demo_account does not exist
LINE 1: ...ord_hash, tenants.is_active AS tenants_is_active, tenants.is...
                                                             ^

[SQL: SELECT tenants.id AS tenants_id, tenants.name AS tenants_name, tenants.username AS tenants_username, tenants.db_url AS tenants_db_url, tenants.api_key AS tenants_api_key, tenants.admin_password_hash AS tenants_admin_password_hash, tenants.is_active AS tenants_is_active, tenants.is_demo_account AS tenants_is_demo_account, tenants.created_at AS tenants_created_at, tenants.subscription_end_date AS tenants_subscription_end_date, tenants.current_plan_id AS tenants_current_plan_id, tenants.notification_email AS tenants_notification_email, plans_1.id AS plans_1_id, plans_1.name AS plans_1_name, plans_1.price_inr AS plans_1_price_inr, plans_1.messages_per_month AS plans_1_messages_per_month, plans_1.docs_limit AS plans_1_docs_limit, plans_1.faqs_limit AS plans_1_faqs_limit, plans_1.export_enabled AS plans_1_export_enabled, plans_1.languages AS plans_1_languages, plans_1.default_trial_days AS plans_1_default_trial_days 
FROM tenants LEFT OUTER JOIN plans AS plans_1 ON plans_1.id = tenants.current_plan_id]
(Background on this error at: https://sqlalche.me/e/20/f405)
2026-04-08 17:51:43 | INFO     | [REQUEST] tenant=-  GET /favicon.ico  →  404  (1.7 ms)
2026-04-08 17:51:53 | INFO     | [REQUEST] tenant=-  GET /redoc  →  200  (0.7 ms)
2026-04-08 17:51:54 | INFO     | [REQUEST] tenant=-  GET /openapi.json  →  200  (487.7 ms)
2026-04-08 18:08:29 | INFO     | Central DB tables initialised.
2026-04-08 18:08:31 | WARNING  | Could not run tenant DB migrations: (psycopg2.errors.UndefinedColumn) column tenants.is_demo_account does not exist
LINE 1: ...ord_hash, tenants.is_active AS tenants_is_active, tenants.is...
                                                             ^

[SQL: SELECT tenants.id AS tenants_id, tenants.name AS tenants_name, tenants.username AS tenants_username, tenants.db_url AS tenants_db_url, tenants.api_key AS tenants_api_key, tenants.admin_password_hash AS tenants_admin_password_hash, tenants.is_active AS tenants_is_active, tenants.is_demo_account AS tenants_is_demo_account, tenants.created_at AS tenants_created_at, tenants.subscription_end_date AS tenants_subscription_end_date, tenants.current_plan_id AS tenants_current_plan_id, tenants.notification_email AS tenants_notification_email, plans_1.id AS plans_1_id, plans_1.name AS plans_1_name, plans_1.price_inr AS plans_1_price_inr, plans_1.messages_per_month AS plans_1_messages_per_month, plans_1.docs_limit AS plans_1_docs_limit, plans_1.faqs_limit AS plans_1_faqs_limit, plans_1.export_enabled AS plans_1_export_enabled, plans_1.languages AS plans_1_languages, plans_1.default_trial_days AS plans_1_default_trial_days 
FROM tenants LEFT OUTER JOIN plans AS plans_1 ON plans_1.id = tenants.current_plan_id]
(Background on this error at: https://sqlalche.me/e/20/f405)
2026-04-09 12:22:40 | INFO     | Central DB tables initialised.
2026-04-09 12:22:41 | WARNING  | Could not run tenant DB migrations: (psycopg2.errors.UndefinedColumn) column tenants.is_demo_account does not exist
LINE 1: ...ord_hash, tenants.is_active AS tenants_is_active, tenants.is...
                                                             ^

[SQL: SELECT tenants.id AS tenants_id, tenants.name AS tenants_name, tenants.username AS tenants_username, tenants.db_url AS tenants_db_url, tenants.api_key AS tenants_api_key, tenants.admin_password_hash AS tenants_admin_password_hash, tenants.is_active AS tenants_is_active, tenants.is_demo_account AS tenants_is_demo_account, tenants.created_at AS tenants_created_at, tenants.subscription_end_date AS tenants_subscription_end_date, tenants.current_plan_id AS tenants_current_plan_id, tenants.notification_email AS tenants_notification_email, plans_1.id AS plans_1_id, plans_1.name AS plans_1_name, plans_1.price_inr AS plans_1_price_inr, plans_1.messages_per_month AS plans_1_messages_per_month, plans_1.docs_limit AS plans_1_docs_limit, plans_1.faqs_limit AS plans_1_faqs_limit, plans_1.export_enabled AS plans_1_export_enabled, plans_1.languages AS plans_1_languages, plans_1.default_trial_days AS plans_1_default_trial_days 
FROM tenants LEFT OUTER JOIN plans AS plans_1 ON plans_1.id = tenants.current_plan_id]
(Background on this error at: https://sqlalche.me/e/20/f405)
2026-04-09 12:23:08 | INFO     | [REQUEST] tenant=-  GET /favicon.ico  →  404  (0.9 ms)
2026-04-09 12:24:45 | INFO     | [REQUEST] tenant=-  GET /docs  →  200  (0.8 ms)
2026-04-09 12:24:46 | INFO     | [REQUEST] tenant=-  GET /openapi.json  →  200  (304.6 ms)
2026-04-09 12:44:12 | INFO     | Central DB tables initialised.
2026-04-09 12:44:14 | WARNING  | Could not run tenant DB migrations: (psycopg2.errors.UndefinedColumn) column tenants.is_demo_account does not exist
LINE 1: ...ord_hash, tenants.is_active AS tenants_is_active, tenants.is...
                                                             ^

[SQL: SELECT tenants.id AS tenants_id, tenants.name AS tenants_name, tenants.username AS tenants_username, tenants.db_url AS tenants_db_url, tenants.api_key AS tenants_api_key, tenants.admin_password_hash AS tenants_admin_password_hash, tenants.is_active AS tenants_is_active, tenants.is_demo_account AS tenants_is_demo_account, tenants.created_at AS tenants_created_at, tenants.subscription_end_date AS tenants_subscription_end_date, tenants.current_plan_id AS tenants_current_plan_id, tenants.notification_email AS tenants_notification_email, plans_1.id AS plans_1_id, plans_1.name AS plans_1_name, plans_1.price_inr AS plans_1_price_inr, plans_1.messages_per_month AS plans_1_messages_per_month, plans_1.docs_limit AS plans_1_docs_limit, plans_1.faqs_limit AS plans_1_faqs_limit, plans_1.export_enabled AS plans_1_export_enabled, plans_1.languages AS plans_1_languages, plans_1.default_trial_days AS plans_1_default_trial_days 
FROM tenants LEFT OUTER JOIN plans AS plans_1 ON plans_1.id = tenants.current_plan_id]
(Background on this error at: https://sqlalche.me/e/20/f405)
2026-04-09 12:48:38 | INFO     | Central DB tables initialised.
2026-04-09 12:49:01 | WARNING  | Could not migrate tenant a574f011-4bfd-4faa-ba6d-31558fb7e225 DB: (sqlite3.OperationalError) unable to open database file
(Background on this error at: https://sqlalche.me/e/20/e3q8)
2026-04-09 12:49:01 | INFO     | Tenant DB migration complete for 3 tenants.
2026-04-09 12:54:41 | INFO     | Central DB tables initialised.
2026-04-09 12:55:03 | WARNING  | Could not migrate tenant a574f011-4bfd-4faa-ba6d-31558fb7e225 DB: (sqlite3.OperationalError) unable to open database file
(Background on this error at: https://sqlalche.me/e/20/e3q8)
2026-04-09 12:55:03 | INFO     | Tenant DB migration complete for 3 tenants.
2026-04-09 14:57:24 | INFO     | Central DB tables initialised.
2026-04-09 15:03:27 | INFO     | Central DB tables initialised.
2026-04-09 15:03:59 | INFO     | [REQUEST] tenant=-  GET /favicon.ico  →  404  (9.2 ms)
2026-04-09 15:04:07 | INFO     | Tenant DB migration complete for 3 tenants.
2026-04-09 15:16:59 | INFO     | Tenant DB migration complete for 3 tenants.
2026-04-09 15:19:08 | INFO     | [REQUEST] tenant=ac622586-401c-42df-83b6-4cbe92629237  POST /admin/faq  →  401  (258.8 ms)
2026-04-09 15:19:28 | INFO     | [REQUEST] tenant=-  POST /chat  →  200  (19631.3 ms)
2026-04-09 15:19:30 | INFO     | [REQUEST] tenant=ac622586-401c-42df-83b6-4cbe92629237  GET /admin/tenant-info  →  200  (2141.3 ms)
2026-04-09 15:27:27 | INFO     | Central DB tables initialised.
2026-04-09 15:28:41 | INFO     | [REQUEST] tenant=-  GET /favicon.ico  →  404  (1.1 ms)
2026-04-09 15:31:24 | INFO     | [REQUEST] tenant=-  GET /redoc  →  200  (0.8 ms)
2026-04-09 15:31:25 | INFO     | [REQUEST] tenant=-  GET /openapi.json  →  200  (280.5 ms)
2026-04-09 15:33:46 | INFO     | Tenant DB migration complete for 4 tenants.
2026-04-09 15:34:56 | INFO     | Central DB tables initialised.
2026-04-09 15:40:14 | WARNING  | Could not run tenant DB migrations: 2 (of 4) futures unfinished
2026-04-09 15:46:34 | INFO     | Central DB tables initialised.
2026-04-09 15:51:27 | INFO     | Central DB tables initialised.
2026-04-09 15:52:30 | WARNING  | Tenant DB migration timed out — some DBs may be slow/unreachable.
2026-04-09 15:54:48 | INFO     | Tenant DB migration complete for 4 tenants.
2026-04-09 15:55:11 | INFO     | [REQUEST] tenant=-  GET /favicon.ico  →  404  (0.9 ms)
2026-04-09 15:55:19 | INFO     | [REQUEST] tenant=-  GET /docs  →  200  (0.6 ms)
2026-04-09 15:55:20 | INFO     | [REQUEST] tenant=-  GET /openapi.json  →  200  (442.3 ms)
2026-04-10 14:08:02 | INFO     | Central DB tables initialised.
2026-04-10 14:09:04 | WARNING  | Tenant DB migration timed out — some DBs may be slow/unreachable.
2026-04-10 14:10:50 | INFO     | Tenant DB migration complete for 4 tenants.
2026-04-10 14:11:47 | INFO     | [REQUEST] tenant=-  GET /favicon.ico  →  404  (0.9 ms)
2026-04-10 14:12:38 | INFO     | [REQUEST] tenant=-  GET /redoc  →  200  (0.7 ms)
2026-04-10 14:12:39 | INFO     | [REQUEST] tenant=-  GET /openapi.json  →  200  (392.1 ms)
2026-04-10 14:22:10 | INFO     | Central DB tables initialised.
2026-04-10 14:23:12 | WARNING  | Tenant DB migration timed out — some DBs may be slow/unreachable.
2026-04-10 14:25:28 | INFO     | Tenant DB migration complete for 5 tenants.
2026-04-13 15:17:17 | INFO     | Central DB tables initialised.
2026-04-13 15:18:19 | WARNING  | Tenant DB migration timed out — some DBs may be slow/unreachable.
2026-04-13 15:20:19 | INFO     | Tenant DB migration complete for 2 tenants.
2026-04-13 15:39:47 | INFO     | [REQUEST] tenant=-  GET /favicon.ico  →  404  (1.3 ms)
2026-04-13 15:39:53 | INFO     | [REQUEST] tenant=-  GET /redoc  →  200  (0.2 ms)
2026-04-13 15:39:53 | INFO     | [REQUEST] tenant=-  GET /openapi.json  →  200  (424.5 ms)
2026-04-15 12:57:12 | INFO     | Central DB tables initialised.
2026-04-15 12:58:13 | WARNING  | Tenant DB migration timed out — some DBs may be slow/unreachable.
2026-04-15 13:00:13 | INFO     | Central DB tables initialised.
2026-04-15 13:00:31 | INFO     | Tenant DB migration complete for 5 tenants.
2026-04-15 13:01:15 | WARNING  | Tenant DB migration timed out — some DBs may be slow/unreachable.
2026-04-15 13:04:15 | INFO     | Tenant DB migration complete for 5 tenants.
2026-04-15 13:04:52 | INFO     | [REQUEST] tenant=-  GET /favicon.ico  →  404  (2.0 ms)
2026-04-15 13:04:57 | INFO     | [REQUEST] tenant=-  GET /redoc  →  200  (0.2 ms)
2026-04-15 13:04:57 | INFO     | [REQUEST] tenant=-  GET /openapi.json  →  200  (355.3 ms)
2026-04-15 14:41:00 | INFO     | [Startup] Central DB tables ready.
2026-04-15 14:41:57 | INFO     | [Startup] Central DB tables ready.
2026-04-15 14:45:22 | INFO     | [Startup] Central DB tables ready.
2026-04-15 14:46:28 | INFO     | [REQUEST] tenant=-  GET /favicon.ico  →  404  (1.8 ms)
2026-04-15 14:46:36 | INFO     | [REQUEST] tenant=-  GET /incident  →  404  (1.2 ms)
2026-04-15 14:46:39 | INFO     | [REQUEST] tenant=-  GET /incidents  →  404  (1.4 ms)
2026-04-15 14:46:48 | INFO     | [REQUEST] tenant=-  GET /redoc  →  200  (0.5 ms)
2026-04-15 14:46:50 | INFO     | [REQUEST] tenant=-  GET /openapi.json  →  200  (1540.2 ms)
2026-04-15 14:47:42 | INFO     | [Startup] Central schema migration complete.
2026-04-15 14:48:43 | WARNING  | [Startup] Tenant migration timed out — some DBs may be unreachable.
2026-04-15 14:51:04 | INFO     | [Startup] Tenant schema migration complete for 5 tenant(s).
2026-04-15 19:57:10 | INFO     | [Startup] Central DB tables ready.
2026-04-15 19:57:55 | INFO     | [REQUEST] tenant=-  GET /favicon.ico  →  404  (2.9 ms)
2026-04-15 19:58:37 | INFO     | [Startup] Central schema migration complete.
2026-04-15 19:59:39 | WARNING  | [Startup] Tenant migration timed out — some DBs may be unreachable.
2026-04-15 20:03:02 | INFO     | [Startup] Tenant schema migration complete for 5 tenant(s).
2026-04-16 17:42:01 | INFO     | [Startup] Central DB tables ready.
2026-04-16 17:43:02 | INFO     | [Startup] Central schema migration complete.
2026-04-16 17:44:04 | WARNING  | [Startup] Tenant migration timed out — some DBs may be unreachable.
2026-04-16 17:45:49 | INFO     | [Startup] Tenant schema migration complete for 5 tenant(s).
2026-04-18 15:47:50 | INFO     | [Startup] Central DB tables ready.
2026-04-18 15:53:14 | INFO     | [Startup] Central schema migration complete.
